Archive member included because of file (symbol)

c:/winavr-20100110/bin/../lib/gcc/avr/4.3.3/avr51\libgcc.a(_udivmodqi4.o)
                              ./src/CRtc.o (__udivmodqi4)
c:/winavr-20100110/bin/../lib/gcc/avr/4.3.3/avr51\libgcc.a(_udivmodhi4.o)
                              ./src/CRtc.o (__udivmodhi4)
c:/winavr-20100110/bin/../lib/gcc/avr/4.3.3/avr51\libgcc.a(_udivmodsi4.o)
                              ./cmn/CI2c.o (__udivmodsi4)
c:/winavr-20100110/bin/../lib/gcc/avr/4.3.3/avr51\libgcc.a(_divmodsi4.o)
                              ./cmn/CUART.o (__divmodsi4)
c:/winavr-20100110/bin/../lib/gcc/avr/4.3.3/avr51\libgcc.a(_exit.o)
                              c:/winavr-20100110/bin/../lib/gcc/avr/4.3.3/../../../../avr/lib/avr51/crtm1280.o (exit)
c:/winavr-20100110/bin/../lib/gcc/avr/4.3.3/avr51\libgcc.a(_clear_bss.o)
                              ./src/main.o (__do_clear_bss)
c:/winavr-20100110/bin/../lib/gcc/avr/4.3.3/avr51\libgcc.a(_ctors.o)
                              ./src/main.o (__do_global_ctors)
c:/winavr-20100110/bin/../lib/gcc/avr/4.3.3/avr51\libgcc.a(_fixunssfsi.o)
                              ./src/Controller.o (__fixunssfsi)
c:/winavr-20100110/bin/../lib/gcc/avr/4.3.3/avr51\libgcc.a(_addsub_sf.o)
                              c:/winavr-20100110/bin/../lib/gcc/avr/4.3.3/avr51\libgcc.a(_fixunssfsi.o) (__subsf3)
c:/winavr-20100110/bin/../lib/gcc/avr/4.3.3/avr51\libgcc.a(_mul_sf.o)
                              ./src/Controller.o (__mulsf3)
c:/winavr-20100110/bin/../lib/gcc/avr/4.3.3/avr51\libgcc.a(_gt_sf.o)
                              ./src/Controller.o (__gtsf2)
c:/winavr-20100110/bin/../lib/gcc/avr/4.3.3/avr51\libgcc.a(_ge_sf.o)
                              c:/winavr-20100110/bin/../lib/gcc/avr/4.3.3/avr51\libgcc.a(_fixunssfsi.o) (__gesf2)
c:/winavr-20100110/bin/../lib/gcc/avr/4.3.3/avr51\libgcc.a(_lt_sf.o)
                              ./src/Controller.o (__ltsf2)
c:/winavr-20100110/bin/../lib/gcc/avr/4.3.3/avr51\libgcc.a(_sf_to_si.o)
                              c:/winavr-20100110/bin/../lib/gcc/avr/4.3.3/avr51\libgcc.a(_fixunssfsi.o) (__fixsfsi)
c:/winavr-20100110/bin/../lib/gcc/avr/4.3.3/avr51\libgcc.a(_thenan_sf.o)
                              c:/winavr-20100110/bin/../lib/gcc/avr/4.3.3/avr51\libgcc.a(_addsub_sf.o) (__thenan_sf)
c:/winavr-20100110/bin/../lib/gcc/avr/4.3.3/avr51\libgcc.a(_prologue.o)
                              c:/winavr-20100110/bin/../lib/gcc/avr/4.3.3/avr51\libgcc.a(_addsub_sf.o) (__prologue_saves__)
c:/winavr-20100110/bin/../lib/gcc/avr/4.3.3/avr51\libgcc.a(_epilogue.o)
                              c:/winavr-20100110/bin/../lib/gcc/avr/4.3.3/avr51\libgcc.a(_addsub_sf.o) (__epilogue_restores__)
c:/winavr-20100110/bin/../lib/gcc/avr/4.3.3/avr51\libgcc.a(_tablejump.o)
                              c:/winavr-20100110/bin/../lib/gcc/avr/4.3.3/avr51\libgcc.a(_ctors.o) (__tablejump__)
c:/winavr-20100110/bin/../lib/gcc/avr/4.3.3/avr51\libgcc.a(_pack_sf.o)
                              c:/winavr-20100110/bin/../lib/gcc/avr/4.3.3/avr51\libgcc.a(_addsub_sf.o) (__pack_f)
c:/winavr-20100110/bin/../lib/gcc/avr/4.3.3/avr51\libgcc.a(_unpack_sf.o)
                              c:/winavr-20100110/bin/../lib/gcc/avr/4.3.3/avr51\libgcc.a(_addsub_sf.o) (__unpack_f)
c:/winavr-20100110/bin/../lib/gcc/avr/4.3.3/avr51\libgcc.a(_fpcmp_parts_sf.o)
                              c:/winavr-20100110/bin/../lib/gcc/avr/4.3.3/avr51\libgcc.a(_gt_sf.o) (__fpcmp_parts_f)
c:/winavr-20100110/bin/../lib/gcc/avr/4.3.3/../../../../avr/lib/avr51\libc.a(malloc.o)
                              ./src/CRfid.o (malloc)
c:/winavr-20100110/bin/../lib/gcc/avr/4.3.3/../../../../avr/lib/avr51\libc.a(atoi.o)
                              ./src/CModem.o (atoi)
c:/winavr-20100110/bin/../lib/gcc/avr/4.3.3/../../../../avr/lib/avr51\libc.a(strcat_P.o)
                              ./src/CModem.o (strcat_P)
c:/winavr-20100110/bin/../lib/gcc/avr/4.3.3/../../../../avr/lib/avr51\libc.a(strcpy_P.o)
                              ./src/CModem.o (strcpy_P)
c:/winavr-20100110/bin/../lib/gcc/avr/4.3.3/../../../../avr/lib/avr51\libc.a(strstr_P.o)
                              ./src/CModem.o (strstr_P)
c:/winavr-20100110/bin/../lib/gcc/avr/4.3.3/../../../../avr/lib/avr51\libc.a(strtok.o)
                              ./src/Controller.o (strtok)
c:/winavr-20100110/bin/../lib/gcc/avr/4.3.3/../../../../avr/lib/avr51\libc.a(memcpy.o)
                              ./src/CModem.o (memcpy)
c:/winavr-20100110/bin/../lib/gcc/avr/4.3.3/../../../../avr/lib/avr51\libc.a(memset.o)
                              ./src/CModem.o (memset)
c:/winavr-20100110/bin/../lib/gcc/avr/4.3.3/../../../../avr/lib/avr51\libc.a(strcat.o)
                              ./src/CModem.o (strcat)
c:/winavr-20100110/bin/../lib/gcc/avr/4.3.3/../../../../avr/lib/avr51\libc.a(strchr.o)
                              ./src/CModem.o (strchr)
c:/winavr-20100110/bin/../lib/gcc/avr/4.3.3/../../../../avr/lib/avr51\libc.a(strcmp.o)
[...]
Memory Configuration

Name             Origin             Length             Attributes
text             0x00000000         0x00020000         xr
data             0x00800060         0x0000ffa0         rw !x
eeprom           0x00810000         0x00010000         rw !x
fuse             0x00820000         0x00000400         rw !x
lock             0x00830000         0x00000400         rw !x
signature        0x00840000         0x00000400         rw !x
*default*        0x00000000         0xffffffff

Linker script and memory map

Address of section .data set to 0x800200
LOAD c:/winavr-20100110/bin/../lib/gcc/avr/4.3.3/../../../../avr/lib/avr51/crtm1280.o
LOAD ./src/CModem.o
LOAD ./src/CRfid.o
LOAD ./src/CRtc.o
LOAD ./src/CServer.o
LOAD ./src/Controller.o
LOAD ./src/iopins.o
LOAD ./src/main.o
LOAD ./cmn/CFIFO.o
LOAD ./cmn/CI2c.o
LOAD ./cmn/CTimer.o
LOAD ./cmn/CUART.o
LOAD ./cmn/crc.o
LOAD c:/winavr-20100110/bin/../lib/gcc/avr/4.3.3/avr51\libgcc.a
LOAD c:/winavr-20100110/bin/../lib/gcc/avr/4.3.3/../../../../avr/lib/avr51\libm.a
LOAD c:/winavr-20100110/bin/../lib/gcc/avr/4.3.3/avr51\libgcc.a
LOAD c:/winavr-20100110/bin/../lib/gcc/avr/4.3.3/../../../../avr/lib/avr51\libc.a
LOAD c:/winavr-20100110/bin/../lib/gcc/avr/4.3.3/avr51\libgcc.a

.hash
 *(.hash)

.dynsym
 *(.dynsym)

.dynstr
 *(.dynstr)

.gnu.version
 *(.gnu.version)

.gnu.version_d
 *(.gnu.version_d)

.gnu.version_r
 *(.gnu.version_r)

.rel.init
 *(.rel.init)

.rela.init
 *(.rela.init)

.rel.text
 *(.rel.text)
 *(.rel.text.*)
 *(.rel.gnu.linkonce.t*)

.rela.text
 *(.rela.text)
 *(.rela.text.*)
 *(.rela.gnu.linkonce.t*)

.rel.fini
 *(.rel.fini)

.rela.fini
 *(.rela.fini)

.rel.rodata
 *(.rel.rodata)
 *(.rel.rodata.*)
 *(.rel.gnu.linkonce.r*)

.rela.rodata
 *(.rela.rodata)
 *(.rela.rodata.*)
 *(.rela.gnu.linkonce.r*)

.rel.data
 *(.rel.data)
 *(.rel.data.*)
 *(.rel.gnu.linkonce.d*)

.rela.data
 *(.rela.data)
 *(.rela.data.*)
 *(.rela.gnu.linkonce.d*)

.rel.ctors
 *(.rel.ctors)

.rela.ctors
 *(.rela.ctors)

.rel.dtors
 *(.rel.dtors)

.rela.dtors
 *(.rela.dtors)

.rel.got
 *(.rel.got)

.rela.got
 *(.rela.got)

.rel.bss
 *(.rel.bss)

.rela.bss
 *(.rela.bss)

.rel.plt
 *(.rel.plt)

.rela.plt
 *(.rela.plt)

.text           0x00000000     0xbf1e
 *(.vectors)
 .vectors       0x00000000       0xe4 c:/winavr-20100110/bin/../lib/gcc/avr/4.3.3/../../../../avr/lib/avr51/crtm1280.o
                0x00000000                __vectors
                0x00000000                __vector_default
 *(.vectors)
 *(.progmem.gcc*)
 *(.progmem*)
 .progmem.data  0x000000e4      0x294 ./src/CModem.o
                0x00000107                AT_DATA
                0x000000f6                AT_CONNECT
                0x000000ee                AT_SEND_OK
                0x000000e4                AT_OK
                0x0000010a                SIM_RDY
                0x00000101                AT_ERROR
                0x000000ed                AT_NONE
                0x000000eb                AT_RDY
 .progmem.data  0x00000378      0x5e0 ./src/Controller.o
 .progmem.data  0x00000958       0x3f ./src/main.o
                0x00000998                . = ALIGN (0x2)
 *fill*         0x00000997        0x1 00
                0x00000998                __trampolines_start = .
 *(.trampolines)
 .trampolines   0x00000998        0x0 linker stubs
 *(.trampolines*)
                0x00000998                __trampolines_end = .
 *(.jumptables)
 *(.jumptables*)
 *(.lowtext)
 *(.lowtext*)
                0x00000998                __ctors_start = .
 *(.ctors)
 .ctors         0x00000998        0x2 ./src/main.o
                0x0000099a                __ctors_end = .
                0x0000099a                __dtors_start = .
 *(.dtors)
                0x0000099a                __dtors_end = .
 SORT(*)(.ctors)
 SORT(*)(.dtors)
 *(.init0)
 .init0         0x0000099a        0x0 c:/winavr-20100110/bin/../lib/gcc/avr/4.3.3/../../../../avr/lib/avr51/crtm1280.o
                0x0000099a                __init
 *(.init0)
 *(.init1)
 *(.init1)
 *(.init2)
 .init2         0x0000099a        0xc c:/winavr-20100110/bin/../lib/gcc/avr/4.3.3/../../../../avr/lib/avr51/crtm1280.o
 *(.init2)
 *(.init3)
 *(.init3)
 *(.init4)
 .init4         0x000009a6       0x1a c:/winavr-20100110/bin/../lib/gcc/avr/4.3.3/../../../../avr/lib/avr51/crtm1280.o
                0x000009a6                __do_copy_data
 .init4         0x000009c0       0x10 c:/winavr-20100110/bin/../lib/gcc/avr/4.3.3/avr51\libgcc.a(_clear_bss.o)
                0x000009c0                __do_clear_bss
 *(.init4)
 *(.init5)
 *(.init5)
 *(.init6)
 .init6         0x000009d0       0x16 c:/winavr-20100110/bin/../lib/gcc/avr/4.3.3/avr51\libgcc.a(_ctors.o)
                0x000009d0                __do_global_ctors
 *(.init6)
 *(.init7)
 *(.init7)
 *(.init8)
 *(.init8)
 *(.init9)
 .init9         0x000009e6        0x8 c:/winavr-20100110/bin/../lib/gcc/avr/4.3.3/../../../../avr/lib/avr51/crtm1280.o
 *(.init9)
 *(.text)
 .text          0x000009ee        0x4 c:/winavr-20100110/bin/../lib/gcc/avr/4.3.3/../../../../avr/lib/avr51/crtm1280.o
                0x000009ee                __vector_22
                0x000009ee                __vector_28
                0x000009ee                __vector_1
                0x000009ee                __vector_32
                0x000009ee                __vector_34
                0x000009ee                __vector_24
                0x000009ee                __vector_12
                0x000009ee                __vector_46
                0x000009ee                __bad_interrupt
                0x000009ee                __vector_6
                0x000009ee                __vector_31
                0x000009ee                __vector_3
                0x000009ee                __vector_30
                0x000009ee                __vector_45
                0x000009ee                __vector_11
                0x000009ee                __vector_13
                0x000009ee                __vector_17
                0x000009ee                __vector_19
                0x000009ee                __vector_7
                0x000009ee                __vector_49
                0x000009ee                __vector_41
                0x000009ee                __vector_43
                0x000009ee                __vector_5
                0x000009ee                __vector_33
                0x000009ee                __vector_47
                0x000009ee                __vector_4
                0x000009ee                __vector_44
                0x000009ee                __vector_9
                0x000009ee                __vector_2
                0x000009ee                __vector_21
                0x000009ee                __vector_29
                0x000009ee                __vector_40
                0x000009ee                __vector_8
                0x000009ee                __vector_48
                0x000009ee                __vector_14
                0x000009ee                __vector_10
                0x000009ee                __vector_50
                0x000009ee                __vector_16
                0x000009ee                __vector_18
                0x000009ee                __vector_42
 .text          0x000009f2     0x20b4 ./src/CModem.o
                0x000011c0                CModem::ServerSetIP(char*, char*, bool)
                0x00000ac2                CModem::GetStateModem()
                0x00001906                CModem::HandleAtCmd(char*, char const*)
                0x0000173c                CModem::GetAtResp(char const*)
                0x0000112e                CModem::DataToServer(char*)
                0x000019f8                CModem::Service()
                0x00001226                CModem::CModem(CUART*)
                0x00000a60                CModem::SIMCheckReady()
                0x0000109c                CModem::SendSMS(char*, char*)
                0x00000b06                CModem::clearTimer()
                0x00000b62                CModem::PowerOff()
                0x000014ba                CModem::GetUnSolicited()
                0x00000cb6                CModem::PowerOn()
                0x00000ae0                CModem::setNextState(eMdmState)
                0x00001370                CModem::CModem(CUART*)
                0x00000a28                CModem::GetSignalQuality()
                0x00000a98                CModem::UpdateMdmStatus()
                0x00000e0a                CModem::Init()
 .text          0x00002aa6     0x1286 ./src/CRfid.o
                0x00003bb6                CRFID::CRFID(CUART*, unsigned char, CServer*)
                0x00003506                CRFID::UpdateTag(sRfidTag*)
                0x0000366a                CRFID::Service()
                0x000039e0                CRFID::clearTable()
                0x000031dc                CRFID::AddNewTag(sRfidTag*)
                0x00002adc                CRFID::SearchTagID(unsigned long, unsigned char*)
                0x00003a40                CRFID::CRFID(CUART*, unsigned char, CServer*)
                0x00002e2c                CRFID::ReceiveTag(sRfidTag*)
                0x00002b92                CRFID::ServiceSignals()
 .text          0x00003d2c      0x698 ./src/CRtc.o
                0x00003ec6                Crtc::getDate(unsigned short*, unsigned char*, unsigned char*, unsigned char*, unsigned char*, unsigned char*, unsigned char*)
                0x000041f8                Crtc::getDate(unsigned short*, unsigned char*, unsigned char*, unsigned char*, unsigned char*, unsigned char*)
                0x00003d2c                Crtc::Crtc(I2C::CI2C*, unsigned char)
                0x000040e4                Crtc::getTimestamp()
                0x00003da4                Crtc::setDate(unsigned short, unsigned char, unsigned char, unsigned char, unsigned char, unsigned char)
                0x00003d68                Crtc::Crtc(I2C::CI2C*, unsigned char)
 .text          0x000043c4      0x43c ./src/CServer.o
                0x000043f2                CServer::CServer(CModem*)
                0x00004768                CServer::SetTagInRange(unsigned long)
                0x00004638                CServer::SetTagDuress(unsigned long)
                0x00004446                CServer::CompileStr(char*, unsigned long, eEvent)
                0x000043c4                CServer::CServer(CModem*)
                0x000046d0                CServer::SetTagOutRange(unsigned long)
                0x00004420                CServer::SetSiteNr(unsigned char)
 .text          0x00004800     0x3084 ./src/Controller.o
                0x00004b34                menu()
                0x00004836                CCONTROLLER::CController::signalsService()
                0x00006b3e                CCONTROLLER::CController::Setup()
                0x000066a6                CCONTROLLER::CController::CController(CRFID*, CModem*, CServer*)
                0x000068f2                CCONTROLLER::CController::CController(CRFID*, CModem*, CServer*)
                0x00004c4c                CCONTROLLER::CController::TagTableService()
                0x0000666a                CCONTROLLER::CController::Service()
                0x000056c4                CCONTROLLER::CController::HandleRxData()
                0x0000596a                CCONTROLLER::CController::consoleService()
 .text          0x00007884      0x21e ./src/iopins.o
                0x00007884                InitIOPins()
 .text          0x00007aa2      0x45e ./src/main.o
                0x00007b86                __cxa_pure_virtual
                0x00007c9e                main
                0x00007ad8                TimeTicker()
 .text          0x00007f00      0x5ba ./cmn/CFIFO.o
                0x00007f80                CFIFO::space()
                0x00007f40                CFIFO::CFIFO()
                0x00007f00                CFIFO::CFIFO()
                0x000080b6                CFIFO::add(unsigned char*, unsigned short)
                0x000081e2                CFIFO::empty()
                0x0000845c                CFIFO::setBufSize(unsigned short)
                0x00008024                CFIFO::received()
                0x00008248                CFIFO::remove(unsigned char*, unsigned short)
                0x00008362                CFIFO::peek(char*)
                0x00008220                CFIFO::clear()
 .text          0x000084ba      0xa2a ./cmn/CI2c.o
                0x0000875e                I2C::CI2C::sendStart()
                0x0000887a                I2C::CI2C::getStatus()
                0x000087e0                I2C::CI2C::sendByte(unsigned char)
                0x00008e5e                __vector_39
                0x000084ba                I2C::CI2C::setBitrate(unsigned short)
                0x00008786                I2C::CI2C::sendStop()
                0x000087ae                I2C::CI2C::waitForComplete()
                0x00008940                I2C::CI2C::masterReceive(unsigned char, unsigned char, unsigned char*)
                0x0000885c                I2C::CI2C::getReceivedByte()
                0x0000855a                I2C::CI2C::CI2C()
                0x00008898                I2C::CI2C::masterSend(unsigned char, unsigned char, unsigned char*)
                0x00008a00                I2C::CI2C::service()
                0x00008816                I2C::CI2C::receiveByte(unsigned char)
                0x00008602                I2C::CI2C::CI2C()
                0x00008ec6                I2C::CI2C::getState()
                0x000086aa                I2C::CI2C::setLocalDeviceAddr(unsigned char, unsigned char)
                0x00008730                I2C::CI2C::setSlaveTransmitHandler(unsigned char (*)(unsigned char, unsigned char*))
                0x00008702                I2C::CI2C::setSlaveReceiveHandler(void (*)(unsigned char, unsigned char*))
 .text          0x00008ee4      0x4e0 ./cmn/CTimer.o
                0x00008ee4                CTimer::CTimer(unsigned char, unsigned char)
                0x0000933c                __vector_35
                0x000091a4                __vector_23
                0x00009162                CTimer::detach(void (*)())
                0x000092b4                __vector_15
                0x00009118                CTimer::attach(void (*)())
                0x0000922c                __vector_20
                0x00008ffe                CTimer::CTimer(unsigned char, unsigned char)
 .text          0x000093c4     0x142a ./cmn/CUART.o
                0x00009606                __vector_38
                0x0000a0ae                CUART::space()
                0x00009ee8                CUART::setBaudRate(unsigned long)
                0x000093c4                CUART::setFrame()
                0x00009b5e                __vector_55
                0x0000a1ac                CUART::clearRx()
                0x00009922                SIG_UART_RECV()
                0x00009956                CUART::send(char*, unsigned short)
                0x000098a0                __vector_25
                0x0000971a                __vector_54
                0x000096be                __vector_56
                0x0000a35e                CUART::CUART(unsigned char, unsigned long, unsigned short, unsigned char)
                0x000095aa                __vector_27
                0x00009ac0                CUART::send_P(char const*, unsigned short)
                0x00009ea8                CUART::receive(unsigned char*, unsigned short)
                0x00009c16                __vector_52
                0x00009cce                __vector_37
                0x0000a172                CUART::sendStr(char*)
                0x0000a102                CUART::uprintf(char const*, ...)
                0x0000979c                __vector_51
                0x0000a0d0                CUART::peek(char*)
                0x0000981e                __vector_36
                0x0000a4ee                CUART::CUART(unsigned char, unsigned long, unsigned short)
                0x00009e3e                SIG_UART_DATA()
                0x00009d86                __vector_26
                0x0000a66e                CUART::CUART(unsigned char, unsigned long, unsigned short)
                0x00009580                SIG_UART_TRANS()
                0x00009a42                CUART::sendStr_P(char const*)
                0x00009662                __vector_53
                0x0000a08c                CUART::rxnum()
                0x0000a1ce                CUART::CUART(unsigned char, unsigned long, unsigned short, unsigned char)
 .text          0x0000a7ee       0xa8 ./cmn/crc.o
                0x0000a7ee                crc8(unsigned char*, unsigned short)
 .text          0x0000a896        0x0 c:/winavr-20100110/bin/../lib/gcc/avr/4.3.3/avr51\libgcc.a(_udivmodqi4.o)
 .text          0x0000a896        0x0 c:/winavr-20100110/bin/../lib/gcc/avr/4.3.3/avr51\libgcc.a(_udivmodhi4.o)
 .text          0x0000a896        0x0 c:/winavr-20100110/bin/../lib/gcc/avr/4.3.3/avr51\libgcc.a(_udivmodsi4.o)
 .text          0x0000a896        0x0 c:/winavr-20100110/bin/../lib/gcc/avr/4.3.3/avr51\libgcc.a(_divmodsi4.o)
 .text          0x0000a896        0x0 c:/winavr-20100110/bin/../lib/gcc/avr/4.3.3/avr51\libgcc.a(_exit.o)
 .text          0x0000a896        0x0 c:/winavr-20100110/bin/../lib/gcc/avr/4.3.3/avr51\libgcc.a(_clear_bss.o)
 .text          0x0000a896        0x0 c:/winavr-20100110/bin/../lib/gcc/avr/4.3.3/avr51\libgcc.a(_ctors.o)
 .text          0x0000a896       0x58 c:/winavr-20100110/bin/../lib/gcc/avr/4.3.3/avr51\libgcc.a(_fixunssfsi.o)
                0x0000a896                __fixunssfsi
 .text          0x0000a8ee      0x354 c:/winavr-20100110/bin/../lib/gcc/avr/4.3.3/avr51\libgcc.a(_addsub_sf.o)
                0x0000ab86                __subsf3
                0x0000abe8                __addsf3
 .text          0x0000ac42      0x1f4 c:/winavr-20100110/bin/../lib/gcc/avr/4.3.3/avr51\libgcc.a(_mul_sf.o)
                0x0000ac42                __mulsf3
 .text          0x0000ae36       0x60 c:/winavr-20100110/bin/../lib/gcc/avr/4.3.3/avr51\libgcc.a(_gt_sf.o)
                0x0000ae36                __gtsf2
 .text          0x0000ae96       0x60 c:/winavr-20100110/bin/../lib/gcc/avr/4.3.3/avr51\libgcc.a(_ge_sf.o)
                0x0000ae96                __gesf2
 .text          0x0000aef6       0x60 c:/winavr-20100110/bin/../lib/gcc/avr/4.3.3/avr51\libgcc.a(_lt_sf.o)
                0x0000aef6                __ltsf2
 .text          0x0000af56       0xa8 c:/winavr-20100110/bin/../lib/gcc/avr/4.3.3/avr51\libgcc.a(_sf_to_si.o)
                0x0000af56                __fixsfsi
 .text          0x0000affe        0x0 c:/winavr-20100110/bin/../lib/gcc/avr/4.3.3/avr51\libgcc.a(_thenan_sf.o)
 .text          0x0000affe        0x0 c:/winavr-20100110/bin/../lib/gcc/avr/4.3.3/avr51\libgcc.a(_prologue.o)
 .text          0x0000affe        0x0 c:/winavr-20100110/bin/../lib/gcc/avr/4.3.3/avr51\libgcc.a(_epilogue.o)
 .text          0x0000affe        0x0 c:/winavr-20100110/bin/../lib/gcc/avr/4.3.3/avr51\libgcc.a(_tablejump.o)
 .text          0x0000affe      0x1aa c:/winavr-20100110/bin/../lib/gcc/avr/4.3.3/avr51\libgcc.a(_pack_sf.o)
                0x0000affe                __pack_f
 .text          0x0000b1a8       0xf0 c:/winavr-20100110/bin/../lib/gcc/avr/4.3.3/avr51\libgcc.a(_unpack_sf.o)
                0x0000b1a8                __unpack_f
 .text          0x0000b298       0xb2 c:/winavr-20100110/bin/../lib/gcc/avr/4.3.3/avr51\libgcc.a(_fpcmp_parts_sf.o)
                0x0000b298                __fpcmp_parts_f
 .text          0x0000b34a        0x0 c:/winavr-20100110/bin/../lib/gcc/avr/4.3.3/../../../../avr/lib/avr51\libc.a(malloc.o)
 .text          0x0000b34a        0x0 c:/winavr-20100110/bin/../lib/gcc/avr/4.3.3/../../../../avr/lib/avr51\libc.a(atoi.o)
 .text          0x0000b34a        0x0 c:/winavr-20100110/bin/../lib/gcc/avr/4.3.3/../../../../avr/lib/avr51\libc.a(strcat_P.o)
 .text          0x0000b34a        0x0 c:/winavr-20100110/bin/../lib/gcc/avr/4.3.3/../../../../avr/lib/avr51\libc.a(strcpy_P.o)
 .text          0x0000b34a        0x0 c:/winavr-20100110/bin/../lib/gcc/avr/4.3.3/../../../../avr/lib/avr51\libc.a(strstr_P.o)
 .text          0x0000b34a        0x0 c:/winavr-20100110/bin/../lib/gcc/avr/4.3.3/../../../../avr/lib/avr51\libc.a(strtok.o)
 .text          0x0000b34a        0x0 c:/winavr-20100110/bin/../lib/gcc/avr/4.3.3/../../../../avr/lib/avr51\libc.a(memcpy.o)
 .text          0x0000b34a        0x0 c:/winavr-20100110/bin/../lib/gcc/avr/4.3.3/../../../../avr/lib/avr51\libc.a(memset.o)
 .text          0x0000b34a        0x0 c:/winavr-20100110/bin/../lib/gcc/avr/4.3.3/../../../../avr/lib/avr51\libc.a(strcat.o)
 .text          0x0000b34a        0x0 c:/winavr-20100110/bin/../lib/gcc/avr/4.3.3/../../../../avr/lib/avr51\libc.a(strchr.o)
 .text          0x0000b34a        0x0 c:/winavr-20100110/bin/../lib/gcc/avr/4.3.3/../../../../avr/lib/avr51\libc.a(strcmp.o)
 .text          0x0000b34a        0x0 c:/winavr-20100110/bin/../lib/gcc/avr/4.3.3/../../../../avr/lib/avr51\libc.a(strcpy.o)
 .text          0x0000b34a        0x0 c:/winavr-20100110/bin/../lib/gcc/avr/4.3.3/../../../../avr/lib/avr51\libc.a(strlen.o)
 .text          0x0000b34a        0x0 c:/winavr-20100110/bin/../lib/gcc/avr/4.3.3/../../../../avr/lib/avr51\libc.a(strncpy.o)
 .text          0x0000b34a        0x0 c:/winavr-20100110/bin/../lib/gcc/avr/4.3.3/../../../../avr/lib/avr51\libc.a(strsep.o)
 .text          0x0000b34a        0x0 c:/winavr-20100110/bin/../lib/gcc/avr/4.3.3/../../../../avr/lib/avr51\libc.a(strtok_r.o)
 .text          0x0000b34a        0x0 c:/winavr-20100110/bin/../lib/gcc/avr/4.3.3/../../../../avr/lib/avr51\libc.a(mul10.o)
 .text          0x0000b34a        0x0 c:/winavr-20100110/bin/../lib/gcc/avr/4.3.3/../../../../avr/lib/avr51\libc.a(ultoa.o)
 .text          0x0000b34a        0x0 c:/winavr-20100110/bin/../lib/gcc/avr/4.3.3/../../../../avr/lib/avr51\libc.a(sprintf.o)
 .text          0x0000b34a        0x0 c:/winavr-20100110/bin/../lib/gcc/avr/4.3.3/../../../../avr/lib/avr51\libc.a(vsprintf.o)
 .text          0x0000b34a        0x0 c:/winavr-20100110/bin/../lib/gcc/avr/4.3.3/../../../../avr/lib/avr51\libc.a(vfprintf_std.o)
 .text          0x0000b34a        0x0 c:/winavr-20100110/bin/../lib/gcc/avr/4.3.3/../../../../avr/lib/avr51\libc.a(eerd_block_atmega1280.o)
 .text          0x0000b34a        0x0 c:/winavr-20100110/bin/../lib/gcc/avr/4.3.3/../../../../avr/lib/avr51\libc.a(eerd_byte_atmega1280.o)
 .text          0x0000b34a        0x0 c:/winavr-20100110/bin/../lib/gcc/avr/4.3.3/../../../../avr/lib/avr51\libc.a(eewr_block_atmega1280.o)
 .text          0x0000b34a        0x0 c:/winavr-20100110/bin/../lib/gcc/avr/4.3.3/../../../../avr/lib/avr51\libc.a(eewr_byte_atmega1280.o)
 .text          0x0000b34a        0x0 c:/winavr-20100110/bin/../lib/gcc/avr/4.3.3/../../../../avr/lib/avr51\libc.a(strnlen_P.o)
 .text          0x0000b34a        0x0 c:/winavr-20100110/bin/../lib/gcc/avr/4.3.3/../../../../avr/lib/avr51\libc.a(strnlen.o)
 .text          0x0000b34a        0x0 c:/winavr-20100110/bin/../lib/gcc/avr/4.3.3/../../../../avr/lib/avr51\libc.a(strrev.o)
 .text          0x0000b34a        0x0 c:/winavr-20100110/bin/../lib/gcc/avr/4.3.3/../../../../avr/lib/avr51\libc.a(fputc.o)
 .text          0x0000b34a        0x0 c:/winavr-20100110/bin/../lib/gcc/avr/4.3.3/../../../../avr/lib/avr51\libc.a(ultoa_invert.o)
                0x0000b34a                . = ALIGN (0x2)
 *(.text.*)
 .text.libgcc   0x0000b34a       0x18 c:/winavr-20100110/bin/../lib/gcc/avr/4.3.3/avr51\libgcc.a(_udivmodqi4.o)
                0x0000b34a                __udivmodqi4
 .text.libgcc   0x0000b362       0x28 c:/winavr-20100110/bin/../lib/gcc/avr/4.3.3/avr51\libgcc.a(_udivmodhi4.o)
                0x0000b362                __udivmodhi4
 .text.libgcc   0x0000b38a       0x44 c:/winavr-20100110/bin/../lib/gcc/avr/4.3.3/avr51\libgcc.a(_udivmodsi4.o)
                0x0000b38a                __udivmodsi4
 .text.libgcc   0x0000b3ce       0x36 c:/winavr-20100110/bin/../lib/gcc/avr/4.3.3/avr51\libgcc.a(_divmodsi4.o)
                0x0000b3ce                __divmodsi4
 .text.libgcc   0x0000b404        0x0 c:/winavr-20100110/bin/../lib/gcc/avr/4.3.3/avr51\libgcc.a(_exit.o)
 .text.libgcc   0x0000b404        0x0 c:/winavr-20100110/bin/../lib/gcc/avr/4.3.3/avr51\libgcc.a(_clear_bss.o)
 .text.libgcc   0x0000b404        0x0 c:/winavr-20100110/bin/../lib/gcc/avr/4.3.3/avr51\libgcc.a(_ctors.o)
 .text.libgcc   0x0000b404       0x38 c:/winavr-20100110/bin/../lib/gcc/avr/4.3.3/avr51\libgcc.a(_prologue.o)
                0x0000b404                __prologue_saves__
 .text.libgcc   0x0000b43c       0x36 c:/winavr-20100110/bin/../lib/gcc/avr/4.3.3/avr51\libgcc.a(_epilogue.o)
                0x0000b43c                __epilogue_restores__
 .text.libgcc   0x0000b472        0xc c:/winavr-20100110/bin/../lib/gcc/avr/4.3.3/avr51\libgcc.a(_tablejump.o)
                0x0000b476                __tablejump__
                0x0000b472                __tablejump2__
 .text.avr-libc
                0x0000b47e      0x20a c:/winavr-20100110/bin/../lib/gcc/avr/4.3.3/../../../../avr/lib/avr51\libc.a(malloc.o)
                0x0000b47e                malloc
                0x0000b5d8                free
 .text.avr-libc
                0x0000b688       0x3c c:/winavr-20100110/bin/../lib/gcc/avr/4.3.3/../../../../avr/lib/avr51\libc.a(atoi.o)
                0x0000b688                atoi
 .text.avr-libc
                0x0000b6c4       0x16 c:/winavr-20100110/bin/../lib/gcc/avr/4.3.3/../../../../avr/lib/avr51\libc.a(strcat_P.o)
                0x0000b6c4                strcat_P
 .text.avr-libc
                0x0000b6da        0xe c:/winavr-20100110/bin/../lib/gcc/avr/4.3.3/../../../../avr/lib/avr51\libc.a(strcpy_P.o)
                0x0000b6da                strcpy_P
 .text.avr-libc
                0x0000b6e8       0x34 c:/winavr-20100110/bin/../lib/gcc/avr/4.3.3/../../../../avr/lib/avr51\libc.a(strstr_P.o)
                0x0000b6e8                strstr_P
 .text.avr-libc
                0x0000b71c        0xa c:/winavr-20100110/bin/../lib/gcc/avr/4.3.3/../../../../avr/lib/avr51\libc.a(strtok.o)
                0x0000b71c                strtok
 .text.avr-libc
                0x0000b726       0x12 c:/winavr-20100110/bin/../lib/gcc/avr/4.3.3/../../../../avr/lib/avr51\libc.a(memcpy.o)
                0x0000b726                memcpy
 .text.avr-libc
                0x0000b738        0xe c:/winavr-20100110/bin/../lib/gcc/avr/4.3.3/../../../../avr/lib/avr51\libc.a(memset.o)
                0x0000b738                memset
 .text.avr-libc
                0x0000b746       0x16 c:/winavr-20100110/bin/../lib/gcc/avr/4.3.3/../../../../avr/lib/avr51\libc.a(strcat.o)
                0x0000b746                strcat
 .text.avr-libc
                0x0000b75c       0x16 c:/winavr-20100110/bin/../lib/gcc/avr/4.3.3/../../../../avr/lib/avr51\libc.a(strchr.o)
                0x0000b75c                strchr
 .text.avr-libc
                0x0000b772       0x12 c:/winavr-20100110/bin/../lib/gcc/avr/4.3.3/../../../../avr/lib/avr51\libc.a(strcmp.o)
                0x0000b772                strcmp
 .text.avr-libc
                0x0000b784        0xe c:/winavr-20100110/bin/../lib/gcc/avr/4.3.3/../../../../avr/lib/avr51\libc.a(strcpy.o)
                0x0000b784                strcpy
 .text.avr-libc
                0x0000b792       0x12 c:/winavr-20100110/bin/../lib/gcc/avr/4.3.3/../../../../avr/lib/avr51\libc.a(strlen.o)
                0x0000b792                strlen
 .text.avr-libc
                0x0000b7a4       0x1e c:/winavr-20100110/bin/../lib/gcc/avr/4.3.3/../../../../avr/lib/avr51\libc.a(strncpy.o)
                0x0000b7a4                strncpy
 .text.avr-libc
                0x0000b7c2       0x30 c:/winavr-20100110/bin/../lib/gcc/avr/4.3.3/../../../../avr/lib/avr51\libc.a(strsep.o)
                0x0000b7c2                strsep
 .text.avr-libc
                0x0000b7f2       0x4e c:/winavr-20100110/bin/../lib/gcc/avr/4.3.3/../../../../avr/lib/avr51\libc.a(strtok_r.o)
                0x0000b7f2                strtok_r
 .text.avr-libc
                0x0000b840       0x10 c:/winavr-20100110/bin/../lib/gcc/avr/4.3.3/../../../../avr/lib/avr51\libc.a(mul10.o)
                0x0000b840                __mulhi_const_10
 .text.avr-libc
                0x0000b850       0x4a c:/winavr-20100110/bin/../lib/gcc/avr/4.3.3/../../../../avr/lib/avr51\libc.a(ultoa.o)
                0x0000b850                ultoa
 .text.avr-libc
                0x0000b89a       0x62 c:/winavr-20100110/bin/../lib/gcc/avr/4.3.3/../../../../avr/lib/avr51\libc.a(sprintf.o)
                0x0000b89a                sprintf
 .text.avr-libc
                0x0000b8fc       0x52 c:/winavr-20100110/bin/../lib/gcc/avr/4.3.3/../../../../avr/lib/avr51\libc.a(vsprintf.o)
                0x0000b8fc                vsprintf
 .text.avr-libc
                0x0000b94e      0x40c c:/winavr-20100110/bin/../lib/gcc/avr/4.3.3/../../../../avr/lib/avr51\libc.a(vfprintf_std.o)
                0x0000b94e                vfprintf
 .text.avr-libc
                0x0000bd5a       0x20 c:/winavr-20100110/bin/../lib/gcc/avr/4.3.3/../../../../avr/lib/avr51\libc.a(eerd_block_atmega1280.o)
                0x0000bd5a                __eerd_block_m1280
                0x0000bd5e                __eerd_blraw_m1280
 .text.avr-libc
                0x0000bd7a       0x10 c:/winavr-20100110/bin/../lib/gcc/avr/4.3.3/../../../../avr/lib/avr51\libc.a(eerd_byte_atmega1280.o)
                0x0000bd7a                __eerd_byte_m1280
 .text.avr-libc
                0x0000bd8a       0x14 c:/winavr-20100110/bin/../lib/gcc/avr/4.3.3/../../../../avr/lib/avr51\libc.a(eewr_block_atmega1280.o)
                0x0000bd8a                __eewr_block_m1280
 .text.avr-libc
                0x0000bd9e       0x1c c:/winavr-20100110/bin/../lib/gcc/avr/4.3.3/../../../../avr/lib/avr51\libc.a(eewr_byte_atmega1280.o)
                0x0000bda0                __eewr_r18_m1280
                0x0000bd9e                __eewr_byte_m1280
 .text.avr-libc
                0x0000bdba       0x16 c:/winavr-20100110/bin/../lib/gcc/avr/4.3.3/../../../../avr/lib/avr51\libc.a(strnlen_P.o)
                0x0000bdba                strnlen_P
 .text.avr-libc
                0x0000bdd0       0x16 c:/winavr-20100110/bin/../lib/gcc/avr/4.3.3/../../../../avr/lib/avr51\libc.a(strnlen.o)
                0x0000bdd0                strnlen
 .text.avr-libc
                0x0000bde6       0x20 c:/winavr-20100110/bin/../lib/gcc/avr/4.3.3/../../../../avr/lib/avr51\libc.a(strrev.o)
                0x0000bde6                strrev
 .text.avr-libc
                0x0000be06       0x58 c:/winavr-20100110/bin/../lib/gcc/avr/4.3.3/../../../../avr/lib/avr51\libc.a(fputc.o)
                0x0000be06                fputc
 .text.avr-libc
                0x0000be5e       0xbc c:/winavr-20100110/bin/../lib/gcc/avr/4.3.3/../../../../avr/lib/avr51\libc.a(ultoa_invert.o)
                0x0000be5e                __ultoa_invert
                0x0000bf1a                . = ALIGN (0x2)
 *(.fini9)
 .fini9         0x0000bf1a        0x0 c:/winavr-20100110/bin/../lib/gcc/avr/4.3.3/avr51\libgcc.a(_exit.o)
                0x0000bf1a                exit
                0x0000bf1a                _exit
 *(.fini9)
 *(.fini8)
 *(.fini8)
 *(.fini7)
 *(.fini7)
 *(.fini6)
 *(.fini6)
 *(.fini5)
 *(.fini5)
 *(.fini4)
 *(.fini4)
 *(.fini3)
 *(.fini3)
 *(.fini2)
 *(.fini2)
 *(.fini1)
 *(.fini1)
 *(.fini0)
 .fini0         0x0000bf1a        0x4 c:/winavr-20100110/bin/../lib/gcc/avr/4.3.3/avr51\libgcc.a(_exit.o)
 *(.fini0)
                0x0000bf1e                _etext = .

.data           0x00800200      0x2e6 load address 0x0000bf1e
                0x00800200                PROVIDE (__data_start, .)
 *(.data)
 .data          0x00800200        0x0 c:/winavr-20100110/bin/../lib/gcc/avr/4.3.3/../../../../avr/lib/avr51/crtm1280.o
 .data          0x00800200       0x73 ./src/CModem.o
 .data          0x00800273       0x4c ./src/CRfid.o
 .data          0x008002bf       0x4e ./src/CRtc.o
 .data          0x0080030d       0x35 ./src/CServer.o
 .data          0x00800342      0x196 ./src/Controller.o
 .data          0x008004d8        0x0 ./src/iopins.o
 .data          0x008004d8        0x0 ./src/main.o
 .data          0x008004d8        0x0 ./cmn/CFIFO.o
 .data          0x008004d8        0x0 ./cmn/CI2c.o
 .data          0x008004d8        0x0 ./cmn/CTimer.o
 .data          0x008004d8        0x0 ./cmn/CUART.o
 .data          0x008004d8        0x0 ./cmn/crc.o
 .data          0x008004d8        0x0 c:/winavr-20100110/bin/../lib/gcc/avr/4.3.3/avr51\libgcc.a(_udivmodqi4.o)
 .data          0x008004d8        0x0 c:/winavr-20100110/bin/../lib/gcc/avr/4.3.3/avr51\libgcc.a(_udivmodhi4.o)
 .data          0x008004d8        0x0 c:/winavr-20100110/bin/../lib/gcc/avr/4.3.3/avr51\libgcc.a(_udivmodsi4.o)
 .data          0x008004d8        0x0 c:/winavr-20100110/bin/../lib/gcc/avr/4.3.3/avr51\libgcc.a(_divmodsi4.o)
 .data          0x008004d8        0x0 c:/winavr-20100110/bin/../lib/gcc/avr/4.3.3/avr51\libgcc.a(_exit.o)
 .data          0x008004d8        0x0 c:/winavr-20100110/bin/../lib/gcc/avr/4.3.3/avr51\libgcc.a(_clear_bss.o)
 .data          0x008004d8        0x0 c:/winavr-20100110/bin/../lib/gcc/avr/4.3.3/avr51\libgcc.a(_ctors.o)
 .data          0x008004d8        0x0 c:/winavr-20100110/bin/../lib/gcc/avr/4.3.3/avr51\libgcc.a(_fixunssfsi.o)
 .data          0x008004d8        0x0 c:/winavr-20100110/bin/../lib/gcc/avr/4.3.3/avr51\libgcc.a(_addsub_sf.o)
 .data          0x008004d8        0x0 c:/winavr-20100110/bin/../lib/gcc/avr/4.3.3/avr51\libgcc.a(_mul_sf.o)
 .data          0x008004d8        0x0 c:/winavr-20100110/bin/../lib/gcc/avr/4.3.3/avr51\libgcc.a(_gt_sf.o)
 .data          0x008004d8        0x0 c:/winavr-20100110/bin/../lib/gcc/avr/4.3.3/avr51\libgcc.a(_ge_sf.o)
 .data          0x008004d8        0x0 c:/winavr-20100110/bin/../lib/gcc/avr/4.3.3/avr51\libgcc.a(_lt_sf.o)
 .data          0x008004d8        0x0 c:/winavr-20100110/bin/../lib/gcc/avr/4.3.3/avr51\libgcc.a(_sf_to_si.o)
 .data          0x008004d8        0x8 c:/winavr-20100110/bin/../lib/gcc/avr/4.3.3/avr51\libgcc.a(_thenan_sf.o)
                0x008004d8                __thenan_sf
 .data          0x008004e0        0x0 c:/winavr-20100110/bin/../lib/gcc/avr/4.3.3/avr51\libgcc.a(_prologue.o)
 .data          0x008004e0        0x0 c:/winavr-20100110/bin/../lib/gcc/avr/4.3.3/avr51\libgcc.a(_epilogue.o)
 .data          0x008004e0        0x0 c:/winavr-20100110/bin/../lib/gcc/avr/4.3.3/avr51\libgcc.a(_tablejump.o)
 .data          0x008004e0        0x0 c:/winavr-20100110/bin/../lib/gcc/avr/4.3.3/avr51\libgcc.a(_pack_sf.o)
 .data          0x008004e0        0x0 c:/winavr-20100110/bin/../lib/gcc/avr/4.3.3/avr51\libgcc.a(_unpack_sf.o)
 .data          0x008004e0        0x0 c:/winavr-20100110/bin/../lib/gcc/avr/4.3.3/avr51\libgcc.a(_fpcmp_parts_sf.o)
 .data          0x008004e0        0x6 c:/winavr-20100110/bin/../lib/gcc/avr/4.3.3/../../../../avr/lib/avr51\libc.a(malloc.o)
                0x008004e2                __malloc_heap_start
                0x008004e4                __malloc_heap_end
                0x008004e0                __malloc_margin
 .data          0x008004e6        0x0 c:/winavr-20100110/bin/../lib/gcc/avr/4.3.3/../../../../avr/lib/avr51\libc.a(atoi.o)
 .data          0x008004e6        0x0 c:/winavr-20100110/bin/../lib/gcc/avr/4.3.3/../../../../avr/lib/avr51\libc.a(strcat_P.o)
 .data          0x008004e6        0x0 c:/winavr-20100110/bin/../lib/gcc/avr/4.3.3/../../../../avr/lib/avr51\libc.a(strcpy_P.o)
 .data          0x008004e6        0x0 c:/winavr-20100110/bin/../lib/gcc/avr/4.3.3/../../../../avr/lib/avr51\libc.a(strstr_P.o)
 .data          0x008004e6        0x0 c:/winavr-20100110/bin/../lib/gcc/avr/4.3.3/../../../../avr/lib/avr51\libc.a(strtok.o)
 .data          0x008004e6        0x0 c:/winavr-20100110/bin/../lib/gcc/avr/4.3.3/../../../../avr/lib/avr51\libc.a(memcpy.o)
 .data          0x008004e6        0x0 c:/winavr-20100110/bin/../lib/gcc/avr/4.3.3/../../../../avr/lib/avr51\libc.a(memset.o)
 .data          0x008004e6        0x0 c:/winavr-20100110/bin/../lib/gcc/avr/4.3.3/../../../../avr/lib/avr51\libc.a(strcat.o)
 .data          0x008004e6        0x0 c:/winavr-20100110/bin/../lib/gcc/avr/4.3.3/../../../../avr/lib/avr51\libc.a(strchr.o)
 .data          0x008004e6        0x0 c:/winavr-20100110/bin/../lib/gcc/avr/4.3.3/../../../../avr/lib/avr51\libc.a(strcmp.o)
 .data          0x008004e6        0x0 c:/winavr-20100110/bin/../lib/gcc/avr/4.3.3/../../../../avr/lib/avr51\libc.a(strcpy.o)
 .data          0x008004e6        0x0 c:/winavr-20100110/bin/../lib/gcc/avr/4.3.3/../../../../avr/lib/avr51\libc.a(strlen.o)
 .data          0x008004e6        0x0 c:/winavr-20100110/bin/../lib/gcc/avr/4.3.3/../../../../avr/lib/avr51\libc.a(strncpy.o)
 .data          0x008004e6        0x0 c:/winavr-20100110/bin/../lib/gcc/avr/4.3.3/../../../../avr/lib/avr51\libc.a(strsep.o)
 .data          0x008004e6        0x0 c:/winavr-20100110/bin/../lib/gcc/avr/4.3.3/../../../../avr/lib/avr51\libc.a(strtok_r.o)
 .data          0x008004e6        0x0 c:/winavr-20100110/bin/../lib/gcc/avr/4.3.3/../../../../avr/lib/avr51\libc.a(mul10.o)
 .data          0x008004e6        0x0 c:/winavr-20100110/bin/../lib/gcc/avr/4.3.3/../../../../avr/lib/avr51\libc.a(ultoa.o)
 .data          0x008004e6        0x0 c:/winavr-20100110/bin/../lib/gcc/avr/4.3.3/../../../../avr/lib/avr51\libc.a(sprintf.o)
 .data          0x008004e6        0x0 c:/winavr-20100110/bin/../lib/gcc/avr/4.3.3/../../../../avr/lib/avr51\libc.a(vsprintf.o)
 .data          0x008004e6        0x0 c:/winavr-20100110/bin/../lib/gcc/avr/4.3.3/../../../../avr/lib/avr51\libc.a(vfprintf_std.o)
 .data          0x008004e6        0x0 c:/winavr-20100110/bin/../lib/gcc/avr/4.3.3/../../../../avr/lib/avr51\libc.a(eerd_block_atmega1280.o)
 .data          0x008004e6        0x0 c:/winavr-20100110/bin/../lib/gcc/avr/4.3.3/../../../../avr/lib/avr51\libc.a(eerd_byte_atmega1280.o)
 .data          0x008004e6        0x0 c:/winavr-20100110/bin/../lib/gcc/avr/4.3.3/../../../../avr/lib/avr51\libc.a(eewr_block_atmega1280.o)
 .data          0x008004e6        0x0 c:/winavr-20100110/bin/../lib/gcc/avr/4.3.3/../../../../avr/lib/avr51\libc.a(eewr_byte_atmega1280.o)
 .data          0x008004e6        0x0 c:/winavr-20100110/bin/../lib/gcc/avr/4.3.3/../../../../avr/lib/avr51\libc.a(strnlen_P.o)
 .data          0x008004e6        0x0 c:/winavr-20100110/bin/../lib/gcc/avr/4.3.3/../../../../avr/lib/avr51\libc.a(strnlen.o)
 .data          0x008004e6        0x0 c:/winavr-20100110/bin/../lib/gcc/avr/4.3.3/../../../../avr/lib/avr51\libc.a(strrev.o)
 .data          0x008004e6        0x0 c:/winavr-20100110/bin/../lib/gcc/avr/4.3.3/../../../../avr/lib/avr51\libc.a(fputc.o)
 .data          0x008004e6        0x0 c:/winavr-20100110/bin/../lib/gcc/avr/4.3.3/../../../../avr/lib/avr51\libc.a(ultoa_invert.o)
 *(.data*)
 *(.rodata)
 *(.rodata*)
 *(.gnu.linkonce.d*)
                0x008004e6                . = ALIGN (0x2)
                0x008004e6                _edata = .
                0x008004e6                PROVIDE (__data_end, .)

.bss            0x008004e6      0x591
                0x008004e6                PROVIDE (__bss_start, .)
 *(.bss)
 .bss           0x008004e6        0x0 c:/winavr-20100110/bin/../lib/gcc/avr/4.3.3/../../../../avr/lib/avr51/crtm1280.o
 .bss           0x008004e6        0x0 ./src/CModem.o
 .bss           0x008004e6        0x0 ./src/CRfid.o
 .bss           0x008004e6        0x0 ./src/CRtc.o
 .bss           0x008004e6        0x0 ./src/CServer.o
 .bss           0x008004e6        0x0 ./src/Controller.o
 .bss           0x008004e6        0x0 ./src/iopins.o
 .bss           0x008004e6      0x573 ./src/main.o
                0x008004e6                Timer
                0x0080054f                Modem
                0x0080052d                ModemUart
                0x00800a4a                rtc_time
                0x00800982                i2c
                0x008009ac                rtc
                0x008009af                Server
                0x008004e9                DbgUart
                0x008009b2                Rfid
                0x0080050b                RfidUart
                0x00800a03                Controller
 .bss           0x00800a59        0x0 ./cmn/CFIFO.o
 .bss           0x00800a59        0x8 ./cmn/CI2c.o
 .bss           0x00800a61        0x8 ./cmn/CTimer.o
 .bss           0x00800a69        0x8 ./cmn/CUART.o
 .bss           0x00800a71        0x0 ./cmn/crc.o
 .bss           0x00800a71        0x0 c:/winavr-20100110/bin/../lib/gcc/avr/4.3.3/avr51\libgcc.a(_udivmodqi4.o)
 .bss           0x00800a71        0x0 c:/winavr-20100110/bin/../lib/gcc/avr/4.3.3/avr51\libgcc.a(_udivmodhi4.o)
 .bss           0x00800a71        0x0 c:/winavr-20100110/bin/../lib/gcc/avr/4.3.3/avr51\libgcc.a(_udivmodsi4.o)
 .bss           0x00800a71        0x0 c:/winavr-20100110/bin/../lib/gcc/avr/4.3.3/avr51\libgcc.a(_divmodsi4.o)
 .bss           0x00800a71        0x0 c:/winavr-20100110/bin/../lib/gcc/avr/4.3.3/avr51\libgcc.a(_exit.o)
 .bss           0x00800a71        0x0 c:/winavr-20100110/bin/../lib/gcc/avr/4.3.3/avr51\libgcc.a(_clear_bss.o)
 .bss           0x00800a71        0x0 c:/winavr-20100110/bin/../lib/gcc/avr/4.3.3/avr51\libgcc.a(_ctors.o)
 .bss           0x00800a71        0x0 c:/winavr-20100110/bin/../lib/gcc/avr/4.3.3/avr51\libgcc.a(_fixunssfsi.o)
 .bss           0x00800a71        0x0 c:/winavr-20100110/bin/../lib/gcc/avr/4.3.3/avr51\libgcc.a(_addsub_sf.o)
 .bss           0x00800a71        0x0 c:/winavr-20100110/bin/../lib/gcc/avr/4.3.3/avr51\libgcc.a(_mul_sf.o)
 .bss           0x00800a71        0x0 c:/winavr-20100110/bin/../lib/gcc/avr/4.3.3/avr51\libgcc.a(_gt_sf.o)
 .bss           0x00800a71        0x0 c:/winavr-20100110/bin/../lib/gcc/avr/4.3.3/avr51\libgcc.a(_ge_sf.o)
 .bss           0x00800a71        0x0 c:/winavr-20100110/bin/../lib/gcc/avr/4.3.3/avr51\libgcc.a(_lt_sf.o)
 .bss           0x00800a71        0x0 c:/winavr-20100110/bin/../lib/gcc/avr/4.3.3/avr51\libgcc.a(_sf_to_si.o)
 .bss           0x00800a71        0x0 c:/winavr-20100110/bin/../lib/gcc/avr/4.3.3/avr51\libgcc.a(_thenan_sf.o)
 .bss           0x00800a71        0x0 c:/winavr-20100110/bin/../lib/gcc/avr/4.3.3/avr51\libgcc.a(_prologue.o)
 .bss           0x00800a71        0x0 c:/winavr-20100110/bin/../lib/gcc/avr/4.3.3/avr51\libgcc.a(_epilogue.o)
 .bss           0x00800a71        0x0 c:/winavr-20100110/bin/../lib/gcc/avr/4.3.3/avr51\libgcc.a(_tablejump.o)
 .bss           0x00800a71        0x0 c:/winavr-20100110/bin/../lib/gcc/avr/4.3.3/avr51\libgcc.a(_pack_sf.o)
 .bss           0x00800a71        0x0 c:/winavr-20100110/bin/../lib/gcc/avr/4.3.3/avr51\libgcc.a(_unpack_sf.o)
 .bss           0x00800a71        0x0 c:/winavr-20100110/bin/../lib/gcc/avr/4.3.3/avr51\libgcc.a(_fpcmp_parts_sf.o)
 .bss           0x00800a71        0x0 c:/winavr-20100110/bin/../lib/gcc/avr/4.3.3/../../../../avr/lib/avr51\libc.a(malloc.o)
 .bss           0x00800a71        0x0 c:/winavr-20100110/bin/../lib/gcc/avr/4.3.3/../../../../avr/lib/avr51\libc.a(atoi.o)
 .bss           0x00800a71        0x0 c:/winavr-20100110/bin/../lib/gcc/avr/4.3.3/../../../../avr/lib/avr51\libc.a(strcat_P.o)
 .bss           0x00800a71        0x0 c:/winavr-20100110/bin/../lib/gcc/avr/4.3.3/../../../../avr/lib/avr51\libc.a(strcpy_P.o)
 .bss           0x00800a71        0x0 c:/winavr-20100110/bin/../lib/gcc/avr/4.3.3/../../../../avr/lib/avr51\libc.a(strstr_P.o)
 .bss           0x00800a71        0x2 c:/winavr-20100110/bin/../lib/gcc/avr/4.3.3/../../../../avr/lib/avr51\libc.a(strtok.o)
 .bss           0x00800a73        0x0 c:/winavr-20100110/bin/../lib/gcc/avr/4.3.3/../../../../avr/lib/avr51\libc.a(memcpy.o)
 .bss           0x00800a73        0x0 c:/winavr-20100110/bin/../lib/gcc/avr/4.3.3/../../../../avr/lib/avr51\libc.a(memset.o)
 .bss           0x00800a73        0x0 c:/winavr-20100110/bin/../lib/gcc/avr/4.3.3/../../../../avr/lib/avr51\libc.a(strcat.o)
 .bss           0x00800a73        0x0 c:/winavr-20100110/bin/../lib/gcc/avr/4.3.3/../../../../avr/lib/avr51\libc.a(strchr.o)
 .bss           0x00800a73        0x0 c:/winavr-20100110/bin/../lib/gcc/avr/4.3.3/../../../../avr/lib/avr51\libc.a(strcmp.o)
 .bss           0x00800a73        0x0 c:/winavr-20100110/bin/../lib/gcc/avr/4.3.3/../../../../avr/lib/avr51\libc.a(strcpy.o)
 .bss           0x00800a73        0x0 c:/winavr-20100110/bin/../lib/gcc/avr/4.3.3/../../../../avr/lib/avr51\libc.a(strlen.o)
 .bss           0x00800a73        0x0 c:/winavr-20100110/bin/../lib/gcc/avr/4.3.3/../../../../avr/lib/avr51\libc.a(strncpy.o)
 .bss           0x00800a73        0x0 c:/winavr-20100110/bin/../lib/gcc/avr/4.3.3/../../../../avr/lib/avr51\libc.a(strsep.o)
 .bss           0x00800a73        0x0 c:/winavr-20100110/bin/../lib/gcc/avr/4.3.3/../../../../avr/lib/avr51\libc.a(strtok_r.o)
 .bss           0x00800a73        0x0 c:/winavr-20100110/bin/../lib/gcc/avr/4.3.3/../../../../avr/lib/avr51\libc.a(mul10.o)
 .bss           0x00800a73        0x0 c:/winavr-20100110/bin/../lib/gcc/avr/4.3.3/../../../../avr/lib/avr51\libc.a(ultoa.o)
 .bss           0x00800a73        0x0 c:/winavr-20100110/bin/../lib/gcc/avr/4.3.3/../../../../avr/lib/avr51\libc.a(sprintf.o)
 .bss           0x00800a73        0x0 c:/winavr-20100110/bin/../lib/gcc/avr/4.3.3/../../../../avr/lib/avr51\libc.a(vsprintf.o)
 .bss           0x00800a73        0x0 c:/winavr-20100110/bin/../lib/gcc/avr/4.3.3/../../../../avr/lib/avr51\libc.a(vfprintf_std.o)
 .bss           0x00800a73        0x0 c:/winavr-20100110/bin/../lib/gcc/avr/4.3.3/../../../../avr/lib/avr51\libc.a(eerd_block_atmega1280.o)
 .bss           0x00800a73        0x0 c:/winavr-20100110/bin/../lib/gcc/avr/4.3.3/../../../../avr/lib/avr51\libc.a(eerd_byte_atmega1280.o)
 .bss           0x00800a73        0x0 c:/winavr-20100110/bin/../lib/gcc/avr/4.3.3/../../../../avr/lib/avr51\libc.a(eewr_block_atmega1280.o)
 .bss           0x00800a73        0x0 c:/winavr-20100110/bin/../lib/gcc/avr/4.3.3/../../../../avr/lib/avr51\libc.a(eewr_byte_atmega1280.o)
 .bss           0x00800a73        0x0 c:/winavr-20100110/bin/../lib/gcc/avr/4.3.3/../../../../avr/lib/avr51\libc.a(strnlen_P.o)
 .bss           0x00800a73        0x0 c:/winavr-20100110/bin/../lib/gcc/avr/4.3.3/../../../../avr/lib/avr51\libc.a(strnlen.o)
 .bss           0x00800a73        0x0 c:/winavr-20100110/bin/../lib/gcc/avr/4.3.3/../../../../avr/lib/avr51\libc.a(strrev.o)
 .bss           0x00800a73        0x0 c:/winavr-20100110/bin/../lib/gcc/avr/4.3.3/../../../../avr/lib/avr51\libc.a(fputc.o)
 .bss           0x00800a73        0x0 c:/winavr-20100110/bin/../lib/gcc/avr/4.3.3/../../../../avr/lib/avr51\libc.a(ultoa_invert.o)
 *(.bss*)
 *(COMMON)
 COMMON         0x00800a73        0x4 c:/winavr-20100110/bin/../lib/gcc/avr/4.3.3/../../../../avr/lib/avr51\libc.a(malloc.o)
                0x00800a73                __brkval
                0x00800a75                __flp
                0x00800a77                PROVIDE (__bss_end, .)
                0x0000bf1e                __data_load_start = LOADADDR (.data)
                0x0000c204                __data_load_end = (__data_load_start + SIZEOF (.data))

.noinit         0x00800a77        0x0
                0x00800a77                PROVIDE (__noinit_start, .)
 *(.noinit*)
                0x00800a77                PROVIDE (__noinit_end, .)
                0x00800a77                _end = .
                0x00800a77                PROVIDE (__heap_start, .)

.eeprom         0x00810000       0x3a
 *(.eeprom*)
 .eeprom        0x00810000       0x3a ./src/Controller.o
                0x00810039                EEsmsEnable
                0x00810000                eePhoneNumbers
                0x00810019                eeIP
                0x00810018                eeSiteID
                0x0081003a                __eeprom_end = .

.fuse
 *(.fuse)
 *(.lfuse)
 *(.hfuse)
 *(.efuse)

.lock
 *(.lock*)

.signature
 *(.signature*)

.stab
 *(.stab)

.stabstr
 *(.stabstr)

.stab.excl
 *(.stab.excl)

.stab.exclstr
 *(.stab.exclstr)

.stab.index
 *(.stab.index)

.stab.indexstr
 *(.stab.indexstr)

.comment
 *(.comment)

.debug
 *(.debug)

.line
 *(.line)

.debug_srcinfo
 *(.debug_srcinfo)

.debug_sfnames
 *(.debug_sfnames)

.debug_aranges  0x00000000      0x2c0
 *(.debug_aranges)
 .debug_aranges
                0x00000000       0x20 ./src/CModem.o
 .debug_aranges
                0x00000020       0x20 ./src/CRfid.o
 .debug_aranges
                0x00000040       0x20 ./src/CRtc.o
 .debug_aranges
                0x00000060       0x20 ./src/CServer.o
 .debug_aranges
                0x00000080       0x20 ./src/Controller.o
 .debug_aranges
                0x000000a0       0x20 ./src/iopins.o
 .debug_aranges
                0x000000c0       0x20 ./src/main.o
 .debug_aranges
                0x000000e0       0x20 ./cmn/CFIFO.o
 .debug_aranges
                0x00000100       0x20 ./cmn/CI2c.o
 .debug_aranges
                0x00000120       0x20 ./cmn/CTimer.o
 .debug_aranges
                0x00000140       0x20 ./cmn/CUART.o
 .debug_aranges
                0x00000160       0x20 ./cmn/crc.o
 .debug_aranges
                0x00000180       0x20 c:/winavr-20100110/bin/../lib/gcc/avr/4.3.3/avr51\libgcc.a(_fixunssfsi.o)
 .debug_aranges
                0x000001a0       0x20 c:/winavr-20100110/bin/../lib/gcc/avr/4.3.3/avr51\libgcc.a(_addsub_sf.o)
 .debug_aranges
                0x000001c0       0x20 c:/winavr-20100110/bin/../lib/gcc/avr/4.3.3/avr51\libgcc.a(_mul_sf.o)
 .debug_aranges
                0x000001e0       0x20 c:/winavr-20100110/bin/../lib/gcc/avr/4.3.3/avr51\libgcc.a(_gt_sf.o)
 .debug_aranges
                0x00000200       0x20 c:/winavr-20100110/bin/../lib/gcc/avr/4.3.3/avr51\libgcc.a(_ge_sf.o)
 .debug_aranges
                0x00000220       0x20 c:/winavr-20100110/bin/../lib/gcc/avr/4.3.3/avr51\libgcc.a(_lt_sf.o)
 .debug_aranges
                0x00000240       0x20 c:/winavr-20100110/bin/../lib/gcc/avr/4.3.3/avr51\libgcc.a(_sf_to_si.o)
 .debug_aranges
                0x00000260       0x20 c:/winavr-20100110/bin/../lib/gcc/avr/4.3.3/avr51\libgcc.a(_pack_sf.o)
 .debug_aranges
                0x00000280       0x20 c:/winavr-20100110/bin/../lib/gcc/avr/4.3.3/avr51\libgcc.a(_unpack_sf.o)
 .debug_aranges
                0x000002a0       0x20 c:/winavr-20100110/bin/../lib/gcc/avr/4.3.3/avr51\libgcc.a(_fpcmp_parts_sf.o)

.debug_pubnames
                0x00000000      0xdaa
 *(.debug_pubnames)
 .debug_pubnames
                0x00000000      0x215 ./src/CModem.o
 .debug_pubnames
                0x00000215       0xce ./src/CRfid.o
 .debug_pubnames
                0x000002e3       0x7d ./src/CRtc.o
 .debug_pubnames
                0x00000360       0xbc ./src/CServer.o
 .debug_pubnames
                0x0000041c      0x1a5 ./src/Controller.o
 .debug_pubnames
                0x000005c1       0x21 ./src/iopins.o
 .debug_pubnames
                0x000005e2       0xbc ./src/main.o
 .debug_pubnames
                0x0000069e       0xc2 ./cmn/CFIFO.o
 .debug_pubnames
                0x00000760      0x1f4 ./cmn/CI2c.o
 .debug_pubnames
                0x00000954       0x9e ./cmn/CTimer.o
 .debug_pubnames
                0x000009f2      0x22d ./cmn/CUART.o
 .debug_pubnames
                0x00000c1f       0x1b ./cmn/crc.o
 .debug_pubnames
                0x00000c3a       0x23 c:/winavr-20100110/bin/../lib/gcc/avr/4.3.3/avr51\libgcc.a(_fixunssfsi.o)
 .debug_pubnames
                0x00000c5d       0x2c c:/winavr-20100110/bin/../lib/gcc/avr/4.3.3/avr51\libgcc.a(_addsub_sf.o)
 .debug_pubnames
                0x00000c89       0x1f c:/winavr-20100110/bin/../lib/gcc/avr/4.3.3/avr51\libgcc.a(_mul_sf.o)
 .debug_pubnames
                0x00000ca8       0x1e c:/winavr-20100110/bin/../lib/gcc/avr/4.3.3/avr51\libgcc.a(_gt_sf.o)
 .debug_pubnames
                0x00000cc6       0x1e c:/winavr-20100110/bin/../lib/gcc/avr/4.3.3/avr51\libgcc.a(_ge_sf.o)
 .debug_pubnames
                0x00000ce4       0x1e c:/winavr-20100110/bin/../lib/gcc/avr/4.3.3/avr51\libgcc.a(_lt_sf.o)
 .debug_pubnames
                0x00000d02       0x20 c:/winavr-20100110/bin/../lib/gcc/avr/4.3.3/avr51\libgcc.a(_sf_to_si.o)
 .debug_pubnames
                0x00000d22       0x22 c:/winavr-20100110/bin/../lib/gcc/avr/4.3.3/avr51\libgcc.a(_thenan_sf.o)
 .debug_pubnames
                0x00000d44       0x1f c:/winavr-20100110/bin/../lib/gcc/avr/4.3.3/avr51\libgcc.a(_pack_sf.o)
 .debug_pubnames
                0x00000d63       0x21 c:/winavr-20100110/bin/../lib/gcc/avr/4.3.3/avr51\libgcc.a(_unpack_sf.o)
 .debug_pubnames
                0x00000d84       0x26 c:/winavr-20100110/bin/../lib/gcc/avr/4.3.3/avr51\libgcc.a(_fpcmp_parts_sf.o)

.debug_info     0x00000000     0xbd51
 *(.debug_info)
 .debug_info    0x00000000     0x1794 ./src/CModem.o
 .debug_info    0x00001794     0x1296 ./src/CRfid.o
 .debug_info    0x00002a2a      0x7f7 ./src/CRtc.o
 .debug_info    0x00003221     0x12ef ./src/CServer.o
 .debug_info    0x00004510     0x26b1 ./src/Controller.o
 .debug_info    0x00006bc1       0x91 ./src/iopins.o
 .debug_info    0x00006c52     0x194f ./src/main.o
 .debug_info    0x000085a1      0x463 ./cmn/CFIFO.o
 .debug_info    0x00008a04      0x77b ./cmn/CI2c.o
 .debug_info    0x0000917f      0x276 ./cmn/CTimer.o
 .debug_info    0x000093f5      0xc09 ./cmn/CUART.o
 .debug_info    0x00009ffe      0x10a ./cmn/crc.o
 .debug_info    0x0000a108       0xb1 c:/winavr-20100110/bin/../lib/gcc/avr/4.3.3/avr51\libgcc.a(_fixunssfsi.o)
 .debug_info    0x0000a1b9      0x47a c:/winavr-20100110/bin/../lib/gcc/avr/4.3.3/avr51\libgcc.a(_addsub_sf.o)
 .debug_info    0x0000a633      0x485 c:/winavr-20100110/bin/../lib/gcc/avr/4.3.3/avr51\libgcc.a(_mul_sf.o)
 .debug_info    0x0000aab8      0x27f c:/winavr-20100110/bin/../lib/gcc/avr/4.3.3/avr51\libgcc.a(_gt_sf.o)
 .debug_info    0x0000ad37      0x27f c:/winavr-20100110/bin/../lib/gcc/avr/4.3.3/avr51\libgcc.a(_ge_sf.o)
 .debug_info    0x0000afb6      0x27f c:/winavr-20100110/bin/../lib/gcc/avr/4.3.3/avr51\libgcc.a(_lt_sf.o)
 .debug_info    0x0000b235      0x2b0 c:/winavr-20100110/bin/../lib/gcc/avr/4.3.3/avr51\libgcc.a(_sf_to_si.o)
 .debug_info    0x0000b4e5      0x12c c:/winavr-20100110/bin/../lib/gcc/avr/4.3.3/avr51\libgcc.a(_thenan_sf.o)
 .debug_info    0x0000b611      0x2df c:/winavr-20100110/bin/../lib/gcc/avr/4.3.3/avr51\libgcc.a(_pack_sf.o)
 .debug_info    0x0000b8f0      0x251 c:/winavr-20100110/bin/../lib/gcc/avr/4.3.3/avr51\libgcc.a(_unpack_sf.o)
 .debug_info    0x0000bb41      0x210 c:/winavr-20100110/bin/../lib/gcc/avr/4.3.3/avr51\libgcc.a(_fpcmp_parts_sf.o)
 *(.gnu.linkonce.wi.*)

.debug_abbrev   0x00000000     0x28fd
 *(.debug_abbrev)
 .debug_abbrev  0x00000000      0x306 ./src/CModem.o
 .debug_abbrev  0x00000306      0x292 ./src/CRfid.o
 .debug_abbrev  0x00000598      0x26a ./src/CRtc.o
 .debug_abbrev  0x00000802      0x2b5 ./src/CServer.o
 .debug_abbrev  0x00000ab7      0x3c7 ./src/Controller.o
 .debug_abbrev  0x00000e7e       0x4b ./src/iopins.o
 .debug_abbrev  0x00000ec9      0x30e ./src/main.o
 .debug_abbrev  0x000011d7      0x18d ./cmn/CFIFO.o
 .debug_abbrev  0x00001364      0x226 ./cmn/CI2c.o
 .debug_abbrev  0x0000158a      0x17c ./cmn/CTimer.o
 .debug_abbrev  0x00001706      0x285 ./cmn/CUART.o
 .debug_abbrev  0x0000198b       0x87 ./cmn/crc.o
 .debug_abbrev  0x00001a12       0x5d c:/winavr-20100110/bin/../lib/gcc/avr/4.3.3/avr51\libgcc.a(_fixunssfsi.o)
 .debug_abbrev  0x00001a6f      0x1ea c:/winavr-20100110/bin/../lib/gcc/avr/4.3.3/avr51\libgcc.a(_addsub_sf.o)
 .debug_abbrev  0x00001c59      0x21b c:/winavr-20100110/bin/../lib/gcc/avr/4.3.3/avr51\libgcc.a(_mul_sf.o)
 .debug_abbrev  0x00001e74      0x15a c:/winavr-20100110/bin/../lib/gcc/avr/4.3.3/avr51\libgcc.a(_gt_sf.o)
 .debug_abbrev  0x00001fce      0x15a c:/winavr-20100110/bin/../lib/gcc/avr/4.3.3/avr51\libgcc.a(_ge_sf.o)
 .debug_abbrev  0x00002128      0x15a c:/winavr-20100110/bin/../lib/gcc/avr/4.3.3/avr51\libgcc.a(_lt_sf.o)
 .debug_abbrev  0x00002282      0x17f c:/winavr-20100110/bin/../lib/gcc/avr/4.3.3/avr51\libgcc.a(_sf_to_si.o)
 .debug_abbrev  0x00002401       0xad c:/winavr-20100110/bin/../lib/gcc/avr/4.3.3/avr51\libgcc.a(_thenan_sf.o)
 .debug_abbrev  0x000024ae      0x1c0 c:/winavr-20100110/bin/../lib/gcc/avr/4.3.3/avr51\libgcc.a(_pack_sf.o)
 .debug_abbrev  0x0000266e      0x154 c:/winavr-20100110/bin/../lib/gcc/avr/4.3.3/avr51\libgcc.a(_unpack_sf.o)
 .debug_abbrev  0x000027c2      0x13b c:/winavr-20100110/bin/../lib/gcc/avr/4.3.3/avr51\libgcc.a(_fpcmp_parts_sf.o)

.debug_line     0x00000000     0x6436
 *(.debug_line)
 .debug_line    0x00000000     0x1191 ./src/CModem.o
 .debug_line    0x00001191      0x846 ./src/CRfid.o
 .debug_line    0x000019d7      0x3f7 ./src/CRtc.o
 .debug_line    0x00001dce      0x3e0 ./src/CServer.o
 .debug_line    0x000021ae     0x137d ./src/Controller.o
 .debug_line    0x0000352b      0x38b ./src/iopins.o
 .debug_line    0x000038b6      0x4f4 ./src/main.o
 .debug_line    0x00003daa      0x392 ./cmn/CFIFO.o
 .debug_line    0x0000413c      0x607 ./cmn/CI2c.o
 .debug_line    0x00004743      0x389 ./cmn/CTimer.o
 .debug_line    0x00004acc      0xac9 ./cmn/CUART.o
 .debug_line    0x00005595       0xf4 ./cmn/crc.o
 .debug_line    0x00005689       0xa7 c:/winavr-20100110/bin/../lib/gcc/avr/4.3.3/avr51\libgcc.a(_fixunssfsi.o)
 .debug_line    0x00005730      0x2af c:/winavr-20100110/bin/../lib/gcc/avr/4.3.3/avr51\libgcc.a(_addsub_sf.o)
 .debug_line    0x000059df      0x239 c:/winavr-20100110/bin/../lib/gcc/avr/4.3.3/avr51\libgcc.a(_mul_sf.o)
 .debug_line    0x00005c18       0xd3 c:/winavr-20100110/bin/../lib/gcc/avr/4.3.3/avr51\libgcc.a(_gt_sf.o)
 .debug_line    0x00005ceb       0xd3 c:/winavr-20100110/bin/../lib/gcc/avr/4.3.3/avr51\libgcc.a(_ge_sf.o)
 .debug_line    0x00005dbe       0xd3 c:/winavr-20100110/bin/../lib/gcc/avr/4.3.3/avr51\libgcc.a(_lt_sf.o)
 .debug_line    0x00005e91      0x109 c:/winavr-20100110/bin/../lib/gcc/avr/4.3.3/avr51\libgcc.a(_sf_to_si.o)
 .debug_line    0x00005f9a       0x90 c:/winavr-20100110/bin/../lib/gcc/avr/4.3.3/avr51\libgcc.a(_thenan_sf.o)
 .debug_line    0x0000602a      0x18a c:/winavr-20100110/bin/../lib/gcc/avr/4.3.3/avr51\libgcc.a(_pack_sf.o)
 .debug_line    0x000061b4      0x14b c:/winavr-20100110/bin/../lib/gcc/avr/4.3.3/avr51\libgcc.a(_unpack_sf.o)
 .debug_line    0x000062ff      0x137 c:/winavr-20100110/bin/../lib/gcc/avr/4.3.3/avr51\libgcc.a(_fpcmp_parts_sf.o)

.debug_frame    0x00000000      0xa50
 *(.debug_frame)
 .debug_frame   0x00000000      0x150 ./src/CModem.o
 .debug_frame   0x00000150       0xc0 ./src/CRfid.o
 .debug_frame   0x00000210       0x70 ./src/CRtc.o
 .debug_frame   0x00000280       0x80 ./src/CServer.o
 .debug_frame   0x00000300       0xc0 ./src/Controller.o
 .debug_frame   0x000003c0       0x20 ./src/iopins.o
 .debug_frame   0x000003e0       0x80 ./src/main.o
 .debug_frame   0x00000460       0xb0 ./cmn/CFIFO.o
 .debug_frame   0x00000510      0x130 ./cmn/CI2c.o
 .debug_frame   0x00000640       0x90 ./cmn/CTimer.o
 .debug_frame   0x000006d0      0x200 ./cmn/CUART.o
 .debug_frame   0x000008d0       0x20 ./cmn/crc.o
 .debug_frame   0x000008f0       0x20 c:/winavr-20100110/bin/../lib/gcc/avr/4.3.3/avr51\libgcc.a(_fixunssfsi.o)
 .debug_frame   0x00000910       0x40 c:/winavr-20100110/bin/../lib/gcc/avr/4.3.3/avr51\libgcc.a(_addsub_sf.o)
 .debug_frame   0x00000950       0x20 c:/winavr-20100110/bin/../lib/gcc/avr/4.3.3/avr51\libgcc.a(_mul_sf.o)
 .debug_frame   0x00000970       0x20 c:/winavr-20100110/bin/../lib/gcc/avr/4.3.3/avr51\libgcc.a(_gt_sf.o)
 .debug_frame   0x00000990       0x20 c:/winavr-20100110/bin/../lib/gcc/avr/4.3.3/avr51\libgcc.a(_ge_sf.o)
 .debug_frame   0x000009b0       0x20 c:/winavr-20100110/bin/../lib/gcc/avr/4.3.3/avr51\libgcc.a(_lt_sf.o)
 .debug_frame   0x000009d0       0x20 c:/winavr-20100110/bin/../lib/gcc/avr/4.3.3/avr51\libgcc.a(_sf_to_si.o)
 .debug_frame   0x000009f0       0x20 c:/winavr-20100110/bin/../lib/gcc/avr/4.3.3/avr51\libgcc.a(_pack_sf.o)
 .debug_frame   0x00000a10       0x20 c:/winavr-20100110/bin/../lib/gcc/avr/4.3.3/avr51\libgcc.a(_unpack_sf.o)
 .debug_frame   0x00000a30       0x20 c:/winavr-20100110/bin/../lib/gcc/avr/4.3.3/avr51\libgcc.a(_fpcmp_parts_sf.o)

.debug_str      0x00000000     0x1cac
 *(.debug_str)
 .debug_str     0x00000000      0xb6e ./src/CModem.o
                                0xbcb (size before relaxing)
 .debug_str     0x00000b6e      0x3c1 ./src/CRfid.o
                                0xf27 (size before relaxing)
 .debug_str     0x00000f2f      0x47f ./src/CRtc.o
                                0x562 (size before relaxing)
 .debug_str     0x000013ae       0x38 ./src/CServer.o
                               0x107b (size before relaxing)
 .debug_str     0x000013e6      0x272 ./src/Controller.o
                               0x15dc (size before relaxing)
 .debug_str     0x00001658       0x2d ./src/iopins.o
                                 0xea (size before relaxing)
 .debug_str     0x00001685      0x11e ./src/main.o
                               0x1606 (size before relaxing)
 .debug_str     0x000017a3       0x2a ./cmn/CFIFO.o
                                0x1e8 (size before relaxing)
 .debug_str     0x000017cd       0x7e ./cmn/CI2c.o
                                0x4ff (size before relaxing)
 .debug_str     0x0000184b       0x52 ./cmn/CTimer.o
                                0x175 (size before relaxing)
 .debug_str     0x0000189d      0x160 ./cmn/CUART.o
                                0x50e (size before relaxing)
 .debug_str     0x000019fd       0x5e ./cmn/crc.o
                                0x118 (size before relaxing)
 .debug_str     0x00001a5b       0x8d c:/winavr-20100110/bin/../lib/gcc/avr/4.3.3/avr51\libgcc.a(_fixunssfsi.o)
                                 0xff (size before relaxing)
 .debug_str     0x00001ae8      0x143 c:/winavr-20100110/bin/../lib/gcc/avr/4.3.3/avr51\libgcc.a(_addsub_sf.o)
                                0x207 (size before relaxing)
 .debug_str     0x00001c2b       0x27 c:/winavr-20100110/bin/../lib/gcc/avr/4.3.3/avr51\libgcc.a(_mul_sf.o)
                                0x1c0 (size before relaxing)
 .debug_str     0x00001c52        0xf c:/winavr-20100110/bin/../lib/gcc/avr/4.3.3/avr51\libgcc.a(_gt_sf.o)
                                0x196 (size before relaxing)
 .debug_str     0x00001c61        0x8 c:/winavr-20100110/bin/../lib/gcc/avr/4.3.3/avr51\libgcc.a(_ge_sf.o)
                                0x196 (size before relaxing)
 .debug_str     0x00001c69        0x8 c:/winavr-20100110/bin/../lib/gcc/avr/4.3.3/avr51\libgcc.a(_lt_sf.o)
                                0x196 (size before relaxing)
 .debug_str     0x00001c71        0xa c:/winavr-20100110/bin/../lib/gcc/avr/4.3.3/avr51\libgcc.a(_sf_to_si.o)
                                0x19f (size before relaxing)
 .debug_str     0x00000000      0x104 c:/winavr-20100110/bin/../lib/gcc/avr/4.3.3/avr51\libgcc.a(_thenan_sf.o)
 .debug_str     0x00001c7b       0x16 c:/winavr-20100110/bin/../lib/gcc/avr/4.3.3/avr51\libgcc.a(_pack_sf.o)
                                0x19e (size before relaxing)
 .debug_str     0x00001c91        0xb c:/winavr-20100110/bin/../lib/gcc/avr/4.3.3/avr51\libgcc.a(_unpack_sf.o)
                                0x180 (size before relaxing)
 .debug_str     0x00001c9c       0x10 c:/winavr-20100110/bin/../lib/gcc/avr/4.3.3/avr51\libgcc.a(_fpcmp_parts_sf.o)
                                0x164 (size before relaxing)

.debug_loc      0x00000000      0x7ce
 *(.debug_loc)
 .debug_loc     0x00000000       0x34 c:/winavr-20100110/bin/../lib/gcc/avr/4.3.3/avr51\libgcc.a(_fixunssfsi.o)
 .debug_loc     0x00000034      0x32a c:/winavr-20100110/bin/../lib/gcc/avr/4.3.3/avr51\libgcc.a(_addsub_sf.o)
 .debug_loc     0x0000035e      0x104 c:/winavr-20100110/bin/../lib/gcc/avr/4.3.3/avr51\libgcc.a(_mul_sf.o)
 .debug_loc     0x00000462       0x3c c:/winavr-20100110/bin/../lib/gcc/avr/4.3.3/avr51\libgcc.a(_gt_sf.o)
 .debug_loc     0x0000049e       0x3c c:/winavr-20100110/bin/../lib/gcc/avr/4.3.3/avr51\libgcc.a(_ge_sf.o)
 .debug_loc     0x000004da       0x3c c:/winavr-20100110/bin/../lib/gcc/avr/4.3.3/avr51\libgcc.a(_lt_sf.o)
 .debug_loc     0x00000516       0x7e c:/winavr-20100110/bin/../lib/gcc/avr/4.3.3/avr51\libgcc.a(_sf_to_si.o)
 .debug_loc     0x00000594      0x13e c:/winavr-20100110/bin/../lib/gcc/avr/4.3.3/avr51\libgcc.a(_pack_sf.o)
 .debug_loc     0x000006d2       0xac c:/winavr-20100110/bin/../lib/gcc/avr/4.3.3/avr51\libgcc.a(_unpack_sf.o)
 .debug_loc     0x0000077e       0x50 c:/winavr-20100110/bin/../lib/gcc/avr/4.3.3/avr51\libgcc.a(_fpcmp_parts_sf.o)

.debug_macinfo  0x00000000    0x62013
 *(.debug_macinfo)
 .debug_macinfo
                0x00000000     0xb5a4 ./src/CModem.o
 .debug_macinfo
                0x0000b5a4     0xa594 ./src/CRfid.o
 .debug_macinfo
                0x00015b38     0x783e ./src/CRtc.o
 .debug_macinfo
                0x0001d376     0xa585 ./src/CServer.o
 .debug_macinfo
                0x000278fb     0xbb0f ./src/Controller.o
 .debug_macinfo
                0x0003340a     0x8686 ./src/iopins.o
 .debug_macinfo
                0x0003ba90     0xbdd9 ./src/main.o
 .debug_macinfo
                0x00047869     0x11ed ./cmn/CFIFO.o
 .debug_macinfo
                0x00048a56     0x6feb ./cmn/CI2c.o
 .debug_macinfo
                0x0004fa41     0x6dd3 ./cmn/CTimer.o
 .debug_macinfo
                0x00056814     0xaa2a ./cmn/CUART.o
 .debug_macinfo
                0x0006123e      0xdd5 ./cmn/crc.o
OUTPUT(Cullinan.elf elf32-avr)
LOAD linker stubs

.debug_ranges   0x00000000       0x50
 .debug_ranges  0x00000000       0x50 c:/winavr-20100110/bin/../lib/gcc/avr/4.3.3/avr51\libgcc.a(_mul_sf.o)

Cross Reference Table

Symbol                                            File
AT_CONNECT                                        ./src/CModem.o
AT_DATA                                           ./src/CModem.o
AT_ERROR                                          ./src/CModem.o
AT_NONE                                           ./src/CModem.o
AT_OK                                             ./src/CModem.o
AT_RDY                                            ./src/CModem.o
AT_SEND_OK                                        ./src/CModem.o
CCONTROLLER::CController::CController(CRFID*, CModem*, CServer*) ./src/Controller.o
                                                  ./src/main.o
CCONTROLLER::CController::CController(CRFID*, CModem*, CServer*) ./src/Controller.o
CCONTROLLER::CController::HandleRxData()          ./src/Controller.o
CCONTROLLER::CController::Service()               ./src/Controller.o
                                                  ./src/main.o
CCONTROLLER::CController::Setup()                 ./src/Controller.o
                                                  ./src/main.o
CCONTROLLER::CController::TagTableService()       ./src/Controller.o
CCONTROLLER::CController::consoleService()        ./src/Controller.o
CCONTROLLER::CController::signalsService()        ./src/Controller.o
CFIFO::CFIFO()                                    ./cmn/CFIFO.o
CFIFO::CFIFO()                                    ./cmn/CFIFO.o
                                                  ./cmn/CUART.o
CFIFO::add(unsigned char*, unsigned short)        ./cmn/CFIFO.o
                                                  ./cmn/CUART.o
CFIFO::clear()                                    ./cmn/CFIFO.o
                                                  ./cmn/CUART.o
CFIFO::empty()                                    ./cmn/CFIFO.o
CFIFO::peek(char*)                                ./cmn/CFIFO.o
                                                  ./cmn/CUART.o
CFIFO::received()                                 ./cmn/CFIFO.o
                                                  ./cmn/CUART.o
CFIFO::remove(unsigned char*, unsigned short)     ./cmn/CFIFO.o
                                                  ./cmn/CUART.o
CFIFO::setBufSize(unsigned short)                 ./cmn/CFIFO.o
                                                  ./cmn/CUART.o
CFIFO::space()                                    ./cmn/CFIFO.o
                                                  ./cmn/CUART.o
CModem::CModem(CUART*)                            ./src/CModem.o
CModem::CModem(CUART*)                            ./src/CModem.o
                                                  ./src/main.o
CModem::DataToServer(char*)                       ./src/CModem.o
                                                  ./src/CServer.o
CModem::GetAtResp(char const*)                    ./src/CModem.o
CModem::GetSignalQuality()                        ./src/CModem.o
                                                  ./src/Controller.o
CModem::GetStateModem()                           ./src/CModem.o
CModem::GetUnSolicited()                          ./src/CModem.o
CModem::HandleAtCmd(char*, char const*)           ./src/CModem.o
CModem::Init()                                    ./src/CModem.o
CModem::PowerOff()                                ./src/CModem.o
CModem::PowerOn()                                 ./src/CModem.o
CModem::SIMCheckReady()                           ./src/CModem.o
                                                  ./src/Controller.o
CModem::SendSMS(char*, char*)                     ./src/CModem.o
                                                  ./src/Controller.o
CModem::ServerSetIP(char*, char*, bool)           ./src/CModem.o
CModem::Service()                                 ./src/CModem.o
                                                  ./src/Controller.o
CModem::UpdateMdmStatus()                         ./src/CModem.o
                                                  ./src/Controller.o
CModem::clearTimer()                              ./src/CModem.o
CModem::setNextState(eMdmState)                   ./src/CModem.o
                                                  ./src/Controller.o
CRFID::AddNewTag(sRfidTag*)                       ./src/CRfid.o
CRFID::CRFID(CUART*, unsigned char, CServer*)     ./src/CRfid.o
CRFID::CRFID(CUART*, unsigned char, CServer*)     ./src/CRfid.o
                                                  ./src/main.o
CRFID::ReceiveTag(sRfidTag*)                      ./src/CRfid.o
CRFID::SearchTagID(unsigned long, unsigned char*) ./src/CRfid.o
CRFID::Service()                                  ./src/CRfid.o
                                                  ./src/main.o
CRFID::ServiceSignals()                           ./src/CRfid.o
CRFID::UpdateTag(sRfidTag*)                       ./src/CRfid.o
CRFID::clearTable()                               ./src/CRfid.o
CServer::CServer(CModem*)                         ./src/CServer.o
CServer::CServer(CModem*)                         ./src/CServer.o
                                                  ./src/main.o
CServer::CompileStr(char*, unsigned long, eEvent) ./src/CServer.o
CServer::SetSiteNr(unsigned char)                 ./src/CServer.o
                                                  ./src/Controller.o
CServer::SetTagDuress(unsigned long)              ./src/CServer.o
                                                  ./src/Controller.o
CServer::SetTagInRange(unsigned long)             ./src/CServer.o
                                                  ./src/Controller.o
                                                  ./src/CRfid.o
CServer::SetTagOutRange(unsigned long)            ./src/CServer.o
                                                  ./src/Controller.o
CTimer::CTimer(unsigned char, unsigned char)      ./cmn/CTimer.o
CTimer::CTimer(unsigned char, unsigned char)      ./cmn/CTimer.o
                                                  ./src/main.o
CTimer::attach(void (*)())                        ./cmn/CTimer.o
                                                  ./src/main.o
CTimer::detach(void (*)())                        ./cmn/CTimer.o
CUART::CUART(unsigned char, unsigned long, unsigned short) ./cmn/CUART.o
                                                  ./src/main.o
CUART::CUART(unsigned char, unsigned long, unsigned short) ./cmn/CUART.o
CUART::CUART(unsigned char, unsigned long, unsigned short, unsigned char) ./cmn/CUART.o
CUART::CUART(unsigned char, unsigned long, unsigned short, unsigned char) ./cmn/CUART.o
CUART::clearRx()                                  ./cmn/CUART.o
                                                  ./src/CModem.o
CUART::peek(char*)                                ./cmn/CUART.o
                                                  ./src/CModem.o
CUART::receive(unsigned char*, unsigned short)    ./cmn/CUART.o
                                                  ./src/Controller.o
                                                  ./src/CRfid.o
                                                  ./src/CModem.o
CUART::rxnum()                                    ./cmn/CUART.o
                                                  ./src/CModem.o
CUART::send(char*, unsigned short)                ./cmn/CUART.o
                                                  ./src/Controller.o
CUART::sendStr(char*)                             ./cmn/CUART.o
                                                  ./src/main.o
                                                  ./src/Controller.o
                                                  ./src/CModem.o
CUART::sendStr_P(char const*)                     ./cmn/CUART.o
                                                  ./src/main.o
                                                  ./src/Controller.o
                                                  ./src/CModem.o
CUART::send_P(char const*, unsigned short)        ./cmn/CUART.o
CUART::setBaudRate(unsigned long)                 ./cmn/CUART.o
CUART::setFrame()                                 ./cmn/CUART.o
CUART::space()                                    ./cmn/CUART.o
CUART::uprintf(char const*, ...)                  ./cmn/CUART.o
                                                  ./src/Controller.o
                                                  ./src/CRfid.o
                                                  ./src/CModem.o
Controller                                        ./src/main.o
Crtc::Crtc(I2C::CI2C*, unsigned char)             ./src/CRtc.o
                                                  ./src/main.o
Crtc::Crtc(I2C::CI2C*, unsigned char)             ./src/CRtc.o
Crtc::getDate(unsigned short*, unsigned char*, unsigned char*, unsigned char*, unsigned char*, unsigned char*) ./src/CRtc.o
Crtc::getDate(unsigned short*, unsigned char*, unsigned char*, unsigned char*, unsigned char*, unsigned char*, unsigned char*) ./src/CRtc.o
Crtc::getTimestamp()                              ./src/CRtc.o
                                                  ./src/main.o
                                                  ./src/Controller.o
                                                  ./src/CServer.o
Crtc::setDate(unsigned short, unsigned char, unsigned char, unsigned char, unsigned char, unsigned char) ./src/CRtc.o
                                                  ./src/Controller.o
DbgUart                                           ./src/main.o
                                                  ./src/Controller.o
                                                  ./src/CRfid.o
                                                  ./src/CModem.o
EEsmsEnable                                       ./src/Controller.o
I2C::CI2C::CI2C()                                 ./cmn/CI2c.o
                                                  ./src/main.o
I2C::CI2C::CI2C()                                 ./cmn/CI2c.o
I2C::CI2C::getReceivedByte()                      ./cmn/CI2c.o
I2C::CI2C::getState()                             ./cmn/CI2c.o
I2C::CI2C::getStatus()                            ./cmn/CI2c.o
I2C::CI2C::masterReceive(unsigned char, unsigned char, unsigned char*) ./cmn/CI2c.o
                                                  ./src/CRtc.o
I2C::CI2C::masterSend(unsigned char, unsigned char, unsigned char*) ./cmn/CI2c.o
                                                  ./src/CRtc.o
I2C::CI2C::receiveByte(unsigned char)             ./cmn/CI2c.o
I2C::CI2C::sendByte(unsigned char)                ./cmn/CI2c.o
I2C::CI2C::sendStart()                            ./cmn/CI2c.o
I2C::CI2C::sendStop()                             ./cmn/CI2c.o
I2C::CI2C::service()                              ./cmn/CI2c.o
I2C::CI2C::setBitrate(unsigned short)             ./cmn/CI2c.o
I2C::CI2C::setLocalDeviceAddr(unsigned char, unsigned char) ./cmn/CI2c.o
I2C::CI2C::setSlaveReceiveHandler(void (*)(unsigned char, unsigned char*)) ./cmn/CI2c.o
I2C::CI2C::setSlaveTransmitHandler(unsigned char (*)(unsigned char, unsigned char*)) ./cmn/CI2c.o
I2C::CI2C::waitForComplete()                      ./cmn/CI2c.o
InitIOPins()                                      ./src/iopins.o
                                                  ./src/main.o
Modem                                             ./src/main.o
ModemUart                                         ./src/main.o
Rfid                                              ./src/main.o
RfidUart                                          ./src/main.o
SIG_UART_DATA()                                   ./cmn/CUART.o
SIG_UART_RECV()                                   ./cmn/CUART.o
SIG_UART_TRANS()                                  ./cmn/CUART.o
SIM_RDY                                           ./src/CModem.o
Server                                            ./src/main.o
TimeTicker()                                      ./src/main.o
Timer                                             ./src/main.o
__addsf3                                          c:/winavr-20100110/bin/../lib/gcc/avr/4.3.3/avr51\libgcc.a(_addsub_sf.o)
__bad_interrupt                                   c:/winavr-20100110/bin/../lib/gcc/avr/4.3.3/../../../../avr/lib/avr51/crtm1280.o
__brkval                                          c:/winavr-20100110/bin/../lib/gcc/avr/4.3.3/../../../../avr/lib/avr51\libc.a(malloc.o)
__bss_end                                         c:/winavr-20100110/bin/../lib/gcc/avr/4.3.3/avr51\libgcc.a(_clear_bss.o)
__bss_start                                       c:/winavr-20100110/bin/../lib/gcc/avr/4.3.3/avr51\libgcc.a(_clear_bss.o)
__ctors_end                                       c:/winavr-20100110/bin/../lib/gcc/avr/4.3.3/avr51\libgcc.a(_ctors.o)
__ctors_start                                     c:/winavr-20100110/bin/../lib/gcc/avr/4.3.3/avr51\libgcc.a(_ctors.o)
__cxa_pure_virtual                                ./src/main.o
__data_end                                        c:/winavr-20100110/bin/../lib/gcc/avr/4.3.3/../../../../avr/lib/avr51/crtm1280.o
__data_load_start                                 c:/winavr-20100110/bin/../lib/gcc/avr/4.3.3/../../../../avr/lib/avr51/crtm1280.o
__data_start                                      c:/winavr-20100110/bin/../lib/gcc/avr/4.3.3/../../../../avr/lib/avr51/crtm1280.o
__divmodsi4                                       c:/winavr-20100110/bin/../lib/gcc/avr/4.3.3/avr51\libgcc.a(_divmodsi4.o)
                                                  ./cmn/CUART.o
__do_clear_bss                                    c:/winavr-20100110/bin/../lib/gcc/avr/4.3.3/avr51\libgcc.a(_clear_bss.o)
                                                  c:/winavr-20100110/bin/../lib/gcc/avr/4.3.3/../../../../avr/lib/avr51\libc.a(strtok.o)
                                                  c:/winavr-20100110/bin/../lib/gcc/avr/4.3.3/../../../../avr/lib/avr51\libc.a(malloc.o)
                                                  ./cmn/CUART.o
                                                  ./cmn/CTimer.o
                                                  ./cmn/CI2c.o
                                                  ./src/main.o
__do_copy_data                                    c:/winavr-20100110/bin/../lib/gcc/avr/4.3.3/../../../../avr/lib/avr51/crtm1280.o
                                                  c:/winavr-20100110/bin/../lib/gcc/avr/4.3.3/../../../../avr/lib/avr51\libc.a(malloc.o)
                                                  c:/winavr-20100110/bin/../lib/gcc/avr/4.3.3/avr51\libgcc.a(_thenan_sf.o)
                                                  ./src/Controller.o
                                                  ./src/CServer.o
                                                  ./src/CRtc.o
                                                  ./src/CRfid.o
                                                  ./src/CModem.o
__do_global_ctors                                 c:/winavr-20100110/bin/../lib/gcc/avr/4.3.3/avr51\libgcc.a(_ctors.o)
                                                  ./src/main.o
__eerd_block_m1280                                c:/winavr-20100110/bin/../lib/gcc/avr/4.3.3/../../../../avr/lib/avr51\libc.a(eerd_block_atmega1280.o)
                                                  ./src/Controller.o
__eerd_blraw_m1280                                c:/winavr-20100110/bin/../lib/gcc/avr/4.3.3/../../../../avr/lib/avr51\libc.a(eerd_block_atmega1280.o)
__eerd_byte_m1280                                 c:/winavr-20100110/bin/../lib/gcc/avr/4.3.3/../../../../avr/lib/avr51\libc.a(eerd_byte_atmega1280.o)
                                                  ./src/Controller.o
__eewr_block_m1280                                c:/winavr-20100110/bin/../lib/gcc/avr/4.3.3/../../../../avr/lib/avr51\libc.a(eewr_block_atmega1280.o)
                                                  ./src/Controller.o
__eewr_byte_m1280                                 c:/winavr-20100110/bin/../lib/gcc/avr/4.3.3/../../../../avr/lib/avr51\libc.a(eewr_byte_atmega1280.o)
                                                  ./src/Controller.o
__eewr_r18_m1280                                  c:/winavr-20100110/bin/../lib/gcc/avr/4.3.3/../../../../avr/lib/avr51\libc.a(eewr_byte_atmega1280.o)
                                                  c:/winavr-20100110/bin/../lib/gcc/avr/4.3.3/../../../../avr/lib/avr51\libc.a(eewr_block_atmega1280.o)
__epilogue_restores__                             c:/winavr-20100110/bin/../lib/gcc/avr/4.3.3/avr51\libgcc.a(_epilogue.o)
                                                  c:/winavr-20100110/bin/../lib/gcc/avr/4.3.3/avr51\libgcc.a(_sf_to_si.o)
                                                  c:/winavr-20100110/bin/../lib/gcc/avr/4.3.3/avr51\libgcc.a(_lt_sf.o)
                                                  c:/winavr-20100110/bin/../lib/gcc/avr/4.3.3/avr51\libgcc.a(_ge_sf.o)
                                                  c:/winavr-20100110/bin/../lib/gcc/avr/4.3.3/avr51\libgcc.a(_gt_sf.o)
                                                  c:/winavr-20100110/bin/../lib/gcc/avr/4.3.3/avr51\libgcc.a(_mul_sf.o)
                                                  c:/winavr-20100110/bin/../lib/gcc/avr/4.3.3/avr51\libgcc.a(_addsub_sf.o)
__fixsfsi                                         c:/winavr-20100110/bin/../lib/gcc/avr/4.3.3/avr51\libgcc.a(_sf_to_si.o)
                                                  c:/winavr-20100110/bin/../lib/gcc/avr/4.3.3/avr51\libgcc.a(_fixunssfsi.o)
__fixunssfsi                                      c:/winavr-20100110/bin/../lib/gcc/avr/4.3.3/avr51\libgcc.a(_fixunssfsi.o)
                                                  ./src/Controller.o
__flp                                             c:/winavr-20100110/bin/../lib/gcc/avr/4.3.3/../../../../avr/lib/avr51\libc.a(malloc.o)
__fpcmp_parts_f                                   c:/winavr-20100110/bin/../lib/gcc/avr/4.3.3/avr51\libgcc.a(_fpcmp_parts_sf.o)
                                                  c:/winavr-20100110/bin/../lib/gcc/avr/4.3.3/avr51\libgcc.a(_lt_sf.o)
                                                  c:/winavr-20100110/bin/../lib/gcc/avr/4.3.3/avr51\libgcc.a(_ge_sf.o)
                                                  c:/winavr-20100110/bin/../lib/gcc/avr/4.3.3/avr51\libgcc.a(_gt_sf.o)
__gesf2                                           c:/winavr-20100110/bin/../lib/gcc/avr/4.3.3/avr51\libgcc.a(_ge_sf.o)
                                                  c:/winavr-20100110/bin/../lib/gcc/avr/4.3.3/avr51\libgcc.a(_fixunssfsi.o)
__gtsf2                                           c:/winavr-20100110/bin/../lib/gcc/avr/4.3.3/avr51\libgcc.a(_gt_sf.o)
                                                  ./src/Controller.o
__heap_end                                        c:/winavr-20100110/bin/../lib/gcc/avr/4.3.3/../../../../avr/lib/avr51/crtm1280.o
                                                  c:/winavr-20100110/bin/../lib/gcc/avr/4.3.3/../../../../avr/lib/avr51\libc.a(malloc.o)
__heap_start                                      c:/winavr-20100110/bin/../lib/gcc/avr/4.3.3/../../../../avr/lib/avr51\libc.a(malloc.o)
__init                                            c:/winavr-20100110/bin/../lib/gcc/avr/4.3.3/../../../../avr/lib/avr51/crtm1280.o
__ltsf2                                           c:/winavr-20100110/bin/../lib/gcc/avr/4.3.3/avr51\libgcc.a(_lt_sf.o)
                                                  ./src/Controller.o
__malloc_heap_end                                 c:/winavr-20100110/bin/../lib/gcc/avr/4.3.3/../../../../avr/lib/avr51\libc.a(malloc.o)
__malloc_heap_start                               c:/winavr-20100110/bin/../lib/gcc/avr/4.3.3/../../../../avr/lib/avr51\libc.a(malloc.o)
__malloc_margin                                   c:/winavr-20100110/bin/../lib/gcc/avr/4.3.3/../../../../avr/lib/avr51\libc.a(malloc.o)
__mulhi_const_10                                  c:/winavr-20100110/bin/../lib/gcc/avr/4.3.3/../../../../avr/lib/avr51\libc.a(mul10.o)
                                                  c:/winavr-20100110/bin/../lib/gcc/avr/4.3.3/../../../../avr/lib/avr51\libc.a(atoi.o)
__mulsf3                                          c:/winavr-20100110/bin/../lib/gcc/avr/4.3.3/avr51\libgcc.a(_mul_sf.o)
                                                  ./src/Controller.o
__pack_f                                          c:/winavr-20100110/bin/../lib/gcc/avr/4.3.3/avr51\libgcc.a(_pack_sf.o)
                                                  c:/winavr-20100110/bin/../lib/gcc/avr/4.3.3/avr51\libgcc.a(_mul_sf.o)
                                                  c:/winavr-20100110/bin/../lib/gcc/avr/4.3.3/avr51\libgcc.a(_addsub_sf.o)
__prologue_saves__                                c:/winavr-20100110/bin/../lib/gcc/avr/4.3.3/avr51\libgcc.a(_prologue.o)
                                                  c:/winavr-20100110/bin/../lib/gcc/avr/4.3.3/avr51\libgcc.a(_sf_to_si.o)
                                                  c:/winavr-20100110/bin/../lib/gcc/avr/4.3.3/avr51\libgcc.a(_lt_sf.o)
                                                  c:/winavr-20100110/bin/../lib/gcc/avr/4.3.3/avr51\libgcc.a(_ge_sf.o)
                                                  c:/winavr-20100110/bin/../lib/gcc/avr/4.3.3/avr51\libgcc.a(_gt_sf.o)
                                                  c:/winavr-20100110/bin/../lib/gcc/avr/4.3.3/avr51\libgcc.a(_mul_sf.o)
                                                  c:/winavr-20100110/bin/../lib/gcc/avr/4.3.3/avr51\libgcc.a(_addsub_sf.o)
__stack                                           c:/winavr-20100110/bin/../lib/gcc/avr/4.3.3/../../../../avr/lib/avr51/crtm1280.o
__subsf3                                          c:/winavr-20100110/bin/../lib/gcc/avr/4.3.3/avr51\libgcc.a(_addsub_sf.o)
                                                  c:/winavr-20100110/bin/../lib/gcc/avr/4.3.3/avr51\libgcc.a(_fixunssfsi.o)
__tablejump2__                                    c:/winavr-20100110/bin/../lib/gcc/avr/4.3.3/avr51\libgcc.a(_tablejump.o)
__tablejump__                                     c:/winavr-20100110/bin/../lib/gcc/avr/4.3.3/avr51\libgcc.a(_tablejump.o)
                                                  c:/winavr-20100110/bin/../lib/gcc/avr/4.3.3/avr51\libgcc.a(_ctors.o)
__thenan_sf                                       c:/winavr-20100110/bin/../lib/gcc/avr/4.3.3/avr51\libgcc.a(_thenan_sf.o)
                                                  c:/winavr-20100110/bin/../lib/gcc/avr/4.3.3/avr51\libgcc.a(_mul_sf.o)
                                                  c:/winavr-20100110/bin/../lib/gcc/avr/4.3.3/avr51\libgcc.a(_addsub_sf.o)
__udivmodhi4                                      c:/winavr-20100110/bin/../lib/gcc/avr/4.3.3/avr51\libgcc.a(_udivmodhi4.o)
                                                  ./cmn/CFIFO.o
                                                  ./src/CRtc.o
__udivmodqi4                                      c:/winavr-20100110/bin/../lib/gcc/avr/4.3.3/avr51\libgcc.a(_udivmodqi4.o)
                                                  ./src/CRtc.o
__udivmodsi4                                      c:/winavr-20100110/bin/../lib/gcc/avr/4.3.3/avr51\libgcc.a(_udivmodsi4.o)
                                                  c:/winavr-20100110/bin/../lib/gcc/avr/4.3.3/../../../../avr/lib/avr51\libc.a(ultoa.o)
                                                  c:/winavr-20100110/bin/../lib/gcc/avr/4.3.3/avr51\libgcc.a(_divmodsi4.o)
                                                  ./cmn/CI2c.o
__ultoa_invert                                    c:/winavr-20100110/bin/../lib/gcc/avr/4.3.3/../../../../avr/lib/avr51\libc.a(ultoa_invert.o)
                                                  c:/winavr-20100110/bin/../lib/gcc/avr/4.3.3/../../../../avr/lib/avr51\libc.a(vfprintf_std.o)
__unpack_f                                        c:/winavr-20100110/bin/../lib/gcc/avr/4.3.3/avr51\libgcc.a(_unpack_sf.o)
                                                  c:/winavr-20100110/bin/../lib/gcc/avr/4.3.3/avr51\libgcc.a(_sf_to_si.o)
                                                  c:/winavr-20100110/bin/../lib/gcc/avr/4.3.3/avr51\libgcc.a(_lt_sf.o)
                                                  c:/winavr-20100110/bin/../lib/gcc/avr/4.3.3/avr51\libgcc.a(_ge_sf.o)
                                                  c:/winavr-20100110/bin/../lib/gcc/avr/4.3.3/avr51\libgcc.a(_gt_sf.o)
                                                  c:/winavr-20100110/bin/../lib/gcc/avr/4.3.3/avr51\libgcc.a(_mul_sf.o)
                                                  c:/winavr-20100110/bin/../lib/gcc/avr/4.3.3/avr51\libgcc.a(_addsub_sf.o)
__vector_1                                        c:/winavr-20100110/bin/../lib/gcc/avr/4.3.3/../../../../avr/lib/avr51/crtm1280.o
__vector_10                                       c:/winavr-20100110/bin/../lib/gcc/avr/4.3.3/../../../../avr/lib/avr51/crtm1280.o
__vector_11                                       c:/winavr-20100110/bin/../lib/gcc/avr/4.3.3/../../../../avr/lib/avr51/crtm1280.o
__vector_12                                       c:/winavr-20100110/bin/../lib/gcc/avr/4.3.3/../../../../avr/lib/avr51/crtm1280.o
__vector_13                                       c:/winavr-20100110/bin/../lib/gcc/avr/4.3.3/../../../../avr/lib/avr51/crtm1280.o
__vector_14                                       c:/winavr-20100110/bin/../lib/gcc/avr/4.3.3/../../../../avr/lib/avr51/crtm1280.o
__vector_15                                       ./cmn/CTimer.o
                                                  c:/winavr-20100110/bin/../lib/gcc/avr/4.3.3/../../../../avr/lib/avr51/crtm1280.o
__vector_16                                       c:/winavr-20100110/bin/../lib/gcc/avr/4.3.3/../../../../avr/lib/avr51/crtm1280.o
__vector_17                                       c:/winavr-20100110/bin/../lib/gcc/avr/4.3.3/../../../../avr/lib/avr51/crtm1280.o
__vector_18                                       c:/winavr-20100110/bin/../lib/gcc/avr/4.3.3/../../../../avr/lib/avr51/crtm1280.o
__vector_19                                       c:/winavr-20100110/bin/../lib/gcc/avr/4.3.3/../../../../avr/lib/avr51/crtm1280.o
__vector_2                                        c:/winavr-20100110/bin/../lib/gcc/avr/4.3.3/../../../../avr/lib/avr51/crtm1280.o
__vector_20                                       ./cmn/CTimer.o
                                                  c:/winavr-20100110/bin/../lib/gcc/avr/4.3.3/../../../../avr/lib/avr51/crtm1280.o
__vector_21                                       c:/winavr-20100110/bin/../lib/gcc/avr/4.3.3/../../../../avr/lib/avr51/crtm1280.o
__vector_22                                       c:/winavr-20100110/bin/../lib/gcc/avr/4.3.3/../../../../avr/lib/avr51/crtm1280.o
__vector_23                                       ./cmn/CTimer.o
                                                  c:/winavr-20100110/bin/../lib/gcc/avr/4.3.3/../../../../avr/lib/avr51/crtm1280.o
__vector_24                                       c:/winavr-20100110/bin/../lib/gcc/avr/4.3.3/../../../../avr/lib/avr51/crtm1280.o
__vector_25                                       ./cmn/CUART.o
                                                  c:/winavr-20100110/bin/../lib/gcc/avr/4.3.3/../../../../avr/lib/avr51/crtm1280.o
__vector_26                                       ./cmn/CUART.o
                                                  c:/winavr-20100110/bin/../lib/gcc/avr/4.3.3/../../../../avr/lib/avr51/crtm1280.o
__vector_27                                       ./cmn/CUART.o
                                                  c:/winavr-20100110/bin/../lib/gcc/avr/4.3.3/../../../../avr/lib/avr51/crtm1280.o
__vector_28                                       c:/winavr-20100110/bin/../lib/gcc/avr/4.3.3/../../../../avr/lib/avr51/crtm1280.o
__vector_29                                       c:/winavr-20100110/bin/../lib/gcc/avr/4.3.3/../../../../avr/lib/avr51/crtm1280.o
__vector_3                                        c:/winavr-20100110/bin/../lib/gcc/avr/4.3.3/../../../../avr/lib/avr51/crtm1280.o
__vector_30                                       c:/winavr-20100110/bin/../lib/gcc/avr/4.3.3/../../../../avr/lib/avr51/crtm1280.o
__vector_31                                       c:/winavr-20100110/bin/../lib/gcc/avr/4.3.3/../../../../avr/lib/avr51/crtm1280.o
__vector_32                                       c:/winavr-20100110/bin/../lib/gcc/avr/4.3.3/../../../../avr/lib/avr51/crtm1280.o
__vector_33                                       c:/winavr-20100110/bin/../lib/gcc/avr/4.3.3/../../../../avr/lib/avr51/crtm1280.o
__vector_34                                       c:/winavr-20100110/bin/../lib/gcc/avr/4.3.3/../../../../avr/lib/avr51/crtm1280.o
__vector_35                                       ./cmn/CTimer.o
                                                  c:/winavr-20100110/bin/../lib/gcc/avr/4.3.3/../../../../avr/lib/avr51/crtm1280.o
__vector_36                                       ./cmn/CUART.o
                                                  c:/winavr-20100110/bin/../lib/gcc/avr/4.3.3/../../../../avr/lib/avr51/crtm1280.o
__vector_37                                       ./cmn/CUART.o
                                                  c:/winavr-20100110/bin/../lib/gcc/avr/4.3.3/../../../../avr/lib/avr51/crtm1280.o
__vector_38                                       ./cmn/CUART.o